Elaborating (= (- 7.0) -7/1)
Generated egglog code:
(ruleset list-ruleset)
(datatype Term (App Term Term) (Var i64) (Bool bool) (Num i64) (Real i64 i64) (Op String) (@String String) (Forall Term) (Exists Term) (Lambda Term) (Choice Term) (Sort Term) (Empty) (Args Term Term) (Mk Term))
(sort AssocArgs (Set Term))
(constructor Assoc (AssocArgs) Term)
(relation Avaliable (Term))
(rewrite (Args (Args t1 t2) t3) (Args t1 (Args t2 t3)))
(rewrite (Args t1 (Args t2 t3)) (Args (Args t1 t2) t3))
(rule ((= (Mk x) (Mk y)))
      ((union x y))
         )
(rewrite (Args t1 t2) (Args (Args t1 (Empty )) t2))
(rewrite (Args (Args t1 (Empty )) t2) (Args t1 t2))
(constructor @> (Term) Term)
(constructor @not (Term) Term)
(constructor @>= (Term) Term)
(constructor @< (Term) Term)
(constructor @+ (Term) Term)
(constructor @<= (Term) Term)
(constructor @- (Term) Term)
(constructor @= (Term) Term)
(constructor @and (Term) Term)
(constructor @to_int (Term) Term)
(constructor @to_real (Term) Term)
(constructor @/ (Term) Term)
(constructor @abs (Term) Term)
(constructor @or (Term) Term)
(constructor @ite (Term) Term)
(constructor @select (Term) Term)
(constructor @store (Term) Term)
(constructor @=> (Term) Term)
(constructor @xor (Term) Term)
(constructor @bvnot (Term) Term)
(constructor @bvxor (Term) Term)
(constructor @@bvsize (Term) Term)
(constructor @bvand (Term) Term)
(constructor @@bv (Term) Term)
(constructor @bvor (Term) Term)
(constructor @bvcomp (Term) Term)
(constructor @bvadd (Term) Term)
(constructor @bvsub (Term) Term)
(constructor @bvneg (Term) Term)
(constructor @bvugt (Term) Term)
(constructor @bvult (Term) Term)
(constructor @bvuge (Term) Term)
(constructor @bvule (Term) Term)
(constructor @bvsgt (Term) Term)
(constructor @bvslt (Term) Term)
(constructor @bvsge (Term) Term)
(constructor @bvsle (Term) Term)
(constructor @bvnand (Term) Term)
(constructor @bvnor (Term) Term)
(constructor @bvxnor (Term) Term)
(constructor @bvshl (Term) Term)
(constructor @bvlshr (Term) Term)
(constructor @bvashr (Term) Term)
(constructor @bvudiv (Term) Term)
(constructor @bvurem (Term) Term)
(constructor @str.len (Term) Term)
(constructor @str.replace_re (Term) Term)
(constructor @str.replace_re_all (Term) Term)
(constructor @str.to_int (Term) Term)
(constructor @str.++ (Term) Term)
(constructor @str.<= (Term) Term)
(constructor @str.< (Term) Term)
(constructor @str.contains (Term) Term)
(constructor @str.from_int (Term) Term)
(constructor @re.opt (Term) Term)
(constructor @re.union (Term) Term)
(constructor @str.to_re (Term) Term)
(constructor @re.diff (Term) Term)
(constructor @re.inter (Term) Term)
(constructor @re.comp (Term) Term)
(constructor @re.+ (Term) Term)
(constructor @re.++ (Term) Term)
(constructor @re.* (Term) Term)
(constructor @str.in_re (Term) Term)
(constructor @re.range (Term) Term)
(constructor @str.to_code (Term) Term)
(constructor @distinct (Term) Term)
(constructor @ubv_to_int (Term) Term)
(rewrite (Mk (@and (Args (Mk (@>= (Args (Mk t1) (Args (Mk s1) (Empty ))))) (Args (Mk (@<= (Args (Mk t1) (Args (Mk s1) (Empty ))))) (Empty ))))) (@and (Assoc (set-insert (set-insert (set-empty ) (Mk (@>= (Args (Mk t1) (Args (Mk s1) (Empty )))))) (Mk (@<= (Args (Mk t1) (Args (Mk s1) (Empty )))))))))
(rewrite (Mk (@and (Args (Mk (@=> (Args (Mk t1) (Args (Mk s1) (Empty ))))) (Args (Mk (@=> (Args (Mk s1) (Args (Mk t1) (Empty ))))) (Empty ))))) (@and (Assoc (set-insert (set-insert (set-empty ) (Mk (@=> (Args (Mk t1) (Args (Mk s1) (Empty )))))) (Mk (@=> (Args (Mk s1) (Args (Mk t1) (Empty )))))))))
(rewrite (Mk (@and (Args xs1 (Args (Mk w1) (Args ys1 (Args (Mk (@not (Args (Mk w1) (Empty )))) (Args zs1 (Empty )))))))) (@and (Assoc (set-insert (set-insert (set-insert (set-insert (set-insert (set-empty ) xs1) (Mk w1)) ys1) (Mk (@not (Args (Mk w1) (Empty ))))) zs1))))
(rewrite (Mk (@and (Args xs1 (Args (Mk (@not (Args (Mk w1) (Empty )))) (Args ys1 (Args (Mk w1) (Args zs1 (Empty )))))))) (@and (Assoc (set-insert (set-insert (set-insert (set-insert (set-insert (set-empty ) xs1) (Mk (@not (Args (Mk w1) (Empty ))))) ys1) (Mk w1)) zs1))))
(rewrite (Mk (@and (Args (Mk x1) (Args (Mk (@not (Args (Mk y1) (Empty )))) (Empty ))))) (@and (Assoc (set-insert (set-insert (set-empty ) (Mk x1)) (Mk (@not (Args (Mk y1) (Empty ))))))))
(rewrite (Mk (@and (Args (Mk c1) (Args (Mk x1) (Empty ))))) (@and (Assoc (set-insert (set-insert (set-empty ) (Mk c1)) (Mk x1)))))
(rewrite (Mk (@and (Args (Mk (@not (Args (Mk c1) (Empty )))) (Args (Mk x1) (Empty ))))) (@and (Assoc (set-insert (set-insert (set-empty ) (Mk (@not (Args (Mk c1) (Empty ))))) (Mk x1)))))
(rewrite (Mk (@and (Args (Mk (@or (Args (Mk (@not (Args (Mk c1) (Empty )))) (Args (Mk x1) (Empty ))))) (Args (Mk (@or (Args (Mk c1) (Args (Mk y1) (Empty ))))) (Empty ))))) (@and (Assoc (set-insert (set-insert (set-empty ) (Mk (@or (Args (Mk (@not (Args (Mk c1) (Empty )))) (Args (Mk x1) (Empty )))))) (Mk (@or (Args (Mk c1) (Args (Mk y1) (Empty )))))))))
(rewrite (Mk (@and (Args (Mk (@= (Args (Mk x1) (Args (Mk (@@bv (Args (Mk (Num 0)) (Args (Mk w1) (Empty ))))) (Empty ))))) (Args (Mk (@bvugt (Args (Mk y1) (Args (Mk (@@bv (Args (Mk (Num 0)) (Args (Mk w1) (Empty ))))) (Empty ))))) (Empty ))))) (@and (Assoc (set-insert (set-insert (set-empty ) (Mk (@= (Args (Mk x1) (Args (Mk (@@bv (Args (Mk (Num 0)) (Args (Mk w1) (Empty ))))) (Empty )))))) (Mk (@bvugt (Args (Mk y1) (Args (Mk (@@bv (Args (Mk (Num 0)) (Args (Mk w1) (Empty ))))) (Empty )))))))))
(rewrite (Mk (@and (Args (Mk (@not (Args (Mk (@= (Args (Mk s1) (Args (Mk t1) (Empty ))))) (Empty )))) (Args (Mk (@str.<= (Args (Mk s1) (Args (Mk t1) (Empty ))))) (Empty ))))) (@and (Assoc (set-insert (set-insert (set-empty ) (Mk (@not (Args (Mk (@= (Args (Mk s1) (Args (Mk t1) (Empty ))))) (Empty ))))) (Mk (@str.<= (Args (Mk s1) (Args (Mk t1) (Empty )))))))))
(rewrite (Mk (@and (Args (Mk (@<= (Args (Mk (@str.to_code (Args (Mk c1) (Empty )))) (Args (Mk (@str.to_code (Args (Mk s1) (Empty )))) (Empty ))))) (Args (Mk (@<= (Args (Mk (@str.to_code (Args (Mk s1) (Empty )))) (Args (Mk (@str.to_code (Args (Mk c2) (Empty )))) (Empty ))))) (Empty ))))) (@and (Assoc (set-insert (set-insert (set-empty ) (Mk (@<= (Args (Mk (@str.to_code (Args (Mk c1) (Empty )))) (Args (Mk (@str.to_code (Args (Mk s1) (Empty )))) (Empty )))))) (Mk (@<= (Args (Mk (@str.to_code (Args (Mk s1) (Empty )))) (Args (Mk (@str.to_code (Args (Mk c2) (Empty )))) (Empty )))))))))
(rewrite (Mk (@and (Args (Mk (@not (Args (Mk (@= (Args (Mk t1) (Args (Mk s1) (Empty ))))) (Empty )))) (Args (Mk (@not (Args (Mk (@= (Args (Mk t1) (Args (Mk r1) (Empty ))))) (Empty )))) (Empty ))))) (@and (Assoc (set-insert (set-insert (set-empty ) (Mk (@not (Args (Mk (@= (Args (Mk t1) (Args (Mk s1) (Empty ))))) (Empty ))))) (Mk (@not (Args (Mk (@= (Args (Mk t1) (Args (Mk r1) (Empty ))))) (Empty ))))))))
(rewrite (Mk (@and (Args x (Args (Mk (Bool true)) (Empty ))))) x)
(rewrite (Mk (@and (Args x (Empty )))) x)
(rewrite (Mk (@and (Args x (Args x (Empty ))))) x)
(rule ((= (@and (Assoc (set-insert (set-empty ) (Mk x)))) result))
      ((union result (Mk x)))
        :ruleset list-ruleset )
(rewrite (Mk (@or (Args (Mk (@= (Args (Mk x1) (Args (Mk y1) (Empty ))))) (Args (Mk (@= (Args (Mk x1) (Args (Mk (@- (Args (Mk y1) (Empty )))) (Empty ))))) (Empty ))))) (@or (Assoc (set-insert (set-insert (set-empty ) (Mk (@= (Args (Mk x1) (Args (Mk y1) (Empty )))))) (Mk (@= (Args (Mk x1) (Args (Mk (@- (Args (Mk y1) (Empty )))) (Empty )))))))))
(rewrite (Mk (@or (Args (Mk (@not (Args (Mk t1) (Empty )))) (Args (Mk s1) (Empty ))))) (@or (Assoc (set-insert (set-insert (set-empty ) (Mk (@not (Args (Mk t1) (Empty ))))) (Mk s1)))))
(rewrite (Mk (@or (Args xs1 (Args (Mk w1) (Args ys1 (Args (Mk (@not (Args (Mk w1) (Empty )))) (Args zs1 (Empty )))))))) (@or (Assoc (set-insert (set-insert (set-insert (set-insert (set-insert (set-empty ) xs1) (Mk w1)) ys1) (Mk (@not (Args (Mk w1) (Empty ))))) zs1))))
(rewrite (Mk (@or (Args xs1 (Args (Mk (@not (Args (Mk w1) (Empty )))) (Args ys1 (Args (Mk w1) (Args zs1 (Empty )))))))) (@or (Assoc (set-insert (set-insert (set-insert (set-insert (set-insert (set-empty ) xs1) (Mk (@not (Args (Mk w1) (Empty ))))) ys1) (Mk w1)) zs1))))
(rewrite (Mk (@or (Args (Mk c1) (Args (Mk x1) (Empty ))))) (@or (Assoc (set-insert (set-insert (set-empty ) (Mk c1)) (Mk x1)))))
(rewrite (Mk (@or (Args (Mk (@not (Args (Mk c1) (Empty )))) (Args (Mk x1) (Empty ))))) (@or (Assoc (set-insert (set-insert (set-empty ) (Mk (@not (Args (Mk c1) (Empty ))))) (Mk x1)))))
(rewrite (Mk (@or (Args (Mk c1) (Args (Mk y1) (Empty ))))) (@or (Assoc (set-insert (set-insert (set-empty ) (Mk c1)) (Mk y1)))))
(rewrite (Mk (@or (Args x (Args (Mk (Bool false)) (Empty ))))) x)
(rewrite (Mk (@or (Args x (Empty )))) x)
(rewrite (Mk (@or (Args x (Args x (Empty ))))) x)
(rule ((= (@or (Assoc (set-insert (set-empty ) (Mk x)))) result))
      ((union result (Mk x)))
        :ruleset list-ruleset )
(ruleset arith_poly)
(constructor @* (Term) Term)
(constructor @/_total (Term) Term)
(rewrite (Mk (@and (Args (Mk (Bool true)) (Args (Mk (Bool false)) (Empty ))))) (Mk (Bool false)) :ruleset arith_poly)
(rewrite (Mk (@and (Args (Mk (Bool true)) (Args (Mk (Bool true)) (Empty ))))) (Mk (Bool true)) :ruleset arith_poly)
(rewrite (Mk (@and (Args (Mk (Bool false)) (Args (Mk (Bool false)) (Empty ))))) (Mk (Bool false)) :ruleset arith_poly)
(rewrite (Mk (@and (Args (Mk (Bool false)) (Args (Mk (Bool true)) (Empty ))))) (Mk (Bool false)) :ruleset arith_poly)
(rewrite (Mk (@+ (Args (Mk (Num x)) (Args (Mk (Num y)) (Empty ))))) (Mk (Num (+ x y))) :ruleset arith_poly)
(rewrite (Mk (@+ (Args (Mk (Real num1 den1)) (Args (Mk (Real num2 den2)) (Empty ))))) (Mk (Real (+ (* num1 den2) (* num2 den1)) (* den1 den2))) :ruleset arith_poly)
(rewrite (Mk (@* (Args (Mk (Num x)) (Args (Mk (Num y)) (Empty ))))) (Mk (Num (* x y))) :ruleset arith_poly)
(rewrite (Mk (@* (Args (Mk (Num x)) (Args (Mk (Real num den)) (Empty ))))) (Mk (@* (Args (Mk (Real x 1)) (Args (Mk (Real num den)) (Empty ))))) :ruleset arith_poly)
(rewrite (Mk (@* (Args (Mk (Real num den)) (Args (Mk (Num x)) (Empty ))))) (Mk (@* (Args (Mk (Real num den)) (Args (Mk (Real x 1)) (Empty ))))) :ruleset arith_poly)
(rewrite (Mk (@* (Args (Mk (Real num1 den1)) (Args (Mk (Real num2 den2)) (Empty ))))) (Mk (Real (* num1 num2) (* den1 den2))) :ruleset arith_poly)
(rewrite (Mk (@- (Args (Mk (Num x)) (Args (Mk (Num y)) (Empty ))))) (Mk (@+ (Args (Mk (Num x)) (Args (Mk (@- (Args (Mk (Num y)) (Empty )))) (Empty ))))) :ruleset arith_poly)
(rewrite (Mk (@- (Args (Mk (Real num1 den1)) (Args (Mk (Real num2 den2)) (Empty ))))) (Mk (@+ (Args (Mk (Real num1 den1)) (Args (Mk (@- (Args (Mk (Real num2 den2)) (Empty )))) (Empty ))))) :ruleset arith_poly)
(rewrite (Mk (@- (Args (Mk (Num x)) (Empty )))) (Mk (@* (Args (Mk (Num -1)) (Args (Mk (Num x)) (Empty ))))) :ruleset arith_poly)
(rewrite (Mk (@- (Args (Mk (Real num1 den1)) (Empty )))) (Mk (@* (Args (Mk (Real -1 1)) (Args (Mk (Real num1 den1)) (Empty ))))) :ruleset arith_poly)
(constructor @mon (Term) Term)
(constructor @poly_zero () Term)
(constructor @poly (Term) Term)
(constructor @$is_product (Term) Term)
(rewrite (Mk (@$is_product (Args (Mk (@- (Args (Mk a) (Empty )))) (Empty )))) (Mk (Bool false)) :ruleset arith_poly)
(rewrite (Mk (@$is_product (Args (Mk (@+ (Args (Mk a) (Args (Mk b) (Empty ))))) (Empty )))) (Mk (Bool false)) :ruleset arith_poly)
(rewrite (Mk (@$is_product (Args (Mk (@- (Args (Mk a) (Args (Mk b) (Empty ))))) (Empty )))) (Mk (Bool false)) :ruleset arith_poly)
(rewrite (Mk (@$is_product (Args (Mk (@* (Args (Mk a) (Args (Mk b) (Empty ))))) (Empty )))) (Mk (Bool true)) :ruleset arith_poly)
(rewrite (Mk (@$is_product (Args (Mk (@/ (Args (Mk a) (Args (Mk b) (Empty ))))) (Empty )))) (Mk (Bool false)) :ruleset arith_poly)
(rewrite (Mk (@$is_product (Args (Mk (@/_total (Args (Mk a) (Args (Mk b) (Empty ))))) (Empty )))) (Mk (Bool false)) :ruleset arith_poly)
(rewrite (Mk (@$is_product (Args (Mk (@to_real (Args (Mk a) (Empty )))) (Empty )))) (Mk (Bool false)) :ruleset arith_poly)
(rewrite (Mk (@$is_product (Args (Mk (@poly (Args (Mk m) (Args (Mk p) (Empty ))))) (Empty )))) (Mk (Bool false)) :ruleset arith_poly)
(rewrite (Mk (@$is_product (Args (Mk (@poly_zero )) (Empty )))) (Mk (Bool false)) :ruleset arith_poly)
(rewrite (Mk (@$is_product (Args (Mk (Var x)) (Empty )))) (Mk (Bool false)) :ruleset arith_poly)
(rewrite (Mk (@$is_product (Args (Mk (Num x)) (Empty )))) (Mk (Bool false)) :ruleset arith_poly)
(rewrite (Mk (@$is_product (Args (Mk (Real num den)) (Empty )))) (Mk (Bool false)) :ruleset arith_poly)
(constructor @$less_or_equal_var (Term) Term)
(rewrite (Mk (@$less_or_equal_var (Args (Mk (Num a)) (Args (Mk (Num b)) (Empty ))))) (Mk (Bool true)) :when ((<= a b)) :ruleset arith_poly)
(rewrite (Mk (@$less_or_equal_var (Args (Mk (Num a)) (Args (Mk (Num b)) (Empty ))))) (Mk (Bool false)) :when ((> a b)) :ruleset arith_poly)
(rewrite (Mk (@$less_or_equal_var (Args (Mk (Var a)) (Args (Mk (Var b)) (Empty ))))) (Mk (Bool true)) :when ((<= a b)) :ruleset arith_poly)
(rewrite (Mk (@$less_or_equal_var (Args (Mk (Var a)) (Args (Mk (Var b)) (Empty ))))) (Mk (Bool false)) :when ((> a b)) :ruleset arith_poly)
(rewrite (Mk (@$less_or_equal_var (Args (Mk (Num a)) (Args (Mk (Var b)) (Empty ))))) (Mk (Bool true)) :ruleset arith_poly)
(rewrite (Mk (@$less_or_equal_var (Args (Mk (Var a)) (Args (Mk (Num b)) (Empty ))))) (Mk (Bool false)) :ruleset arith_poly)
(rewrite (Mk (@$less_or_equal_var (Args (Mk (Real num den)) (Args (Mk (Var b)) (Empty ))))) (Mk (Bool true)) :ruleset arith_poly)
(rewrite (Mk (@$less_or_equal_var (Args (Mk (@* (Args (Mk a1) (Args (Mk a2) (Empty ))))) (Args (Mk (@* (Args (Mk b1) (Args (Mk b2) (Empty ))))) (Empty ))))) (Mk (@and (Args (Mk (@$less_or_equal_var (Args (Mk a1) (Args (Mk b1) (Empty ))))) (Args (Mk (@$less_or_equal_var (Args (Mk a2) (Args (Mk b2) (Empty ))))) (Empty ))))) :ruleset arith_poly)
(rewrite (Mk (@$less_or_equal_var (Args (Mk (@* (Args (Mk a1) (Args (Mk a2) (Empty ))))) (Args (Mk b1) (Empty ))))) (Mk (@and (Args (Mk (@$less_or_equal_var (Args (Mk a1) (Args (Mk b1) (Empty ))))) (Args (Mk (@$less_or_equal_var (Args (Mk a2) (Args (Mk b1) (Empty ))))) (Empty ))))) :when ((= (Mk (@$is_product (Args (Mk b1) (Empty )))) (Mk (Bool false)))) :ruleset arith_poly)
(rule ((Mk (@$less_or_equal_var (Args (Mk (@* (Args (Mk a1) (Args (Mk a2) (Empty ))))) (Args (Mk b1) (Empty ))))))
      ((Mk (@$is_product (Args (Mk b1) (Empty )))))
        :ruleset arith_poly )
(rewrite (Mk (@$less_or_equal_var (Args (Mk b1) (Args (Mk (@* (Args (Mk a1) (Args (Mk a2) (Empty ))))) (Empty ))))) (Mk (@and (Args (Mk (@$less_or_equal_var (Args (Mk b1) (Args (Mk a1) (Empty ))))) (Args (Mk (@$less_or_equal_var (Args (Mk b1) (Args (Mk a2) (Empty ))))) (Empty ))))) :when ((= (Mk (@$is_product (Args (Mk b1) (Empty )))) (Mk (Bool false)))) :ruleset arith_poly)
(rule ((Mk (@$less_or_equal_var (Args (Mk b1) (Args (Mk (@* (Args (Mk a1) (Args (Mk a2) (Empty ))))) (Empty ))))))
      ((Mk (@$is_product (Args (Mk b1) (Empty )))))
        :ruleset arith_poly )
(constructor @$is_arith_exp (Term) Term)
(rewrite (Mk (@$is_arith_exp (Args (Mk (@- (Args (Mk a) (Empty )))) (Empty )))) (Mk (Bool true)) :ruleset arith_poly)
(rewrite (Mk (@$is_arith_exp (Args (Mk (@+ (Args (Mk a) (Args (Mk b) (Empty ))))) (Empty )))) (Mk (Bool true)) :ruleset arith_poly)
(rewrite (Mk (@$is_arith_exp (Args (Mk (@- (Args (Mk a) (Args (Mk b) (Empty ))))) (Empty )))) (Mk (Bool true)) :ruleset arith_poly)
(rewrite (Mk (@$is_arith_exp (Args (Mk (@* (Args (Mk a) (Args (Mk b) (Empty ))))) (Empty )))) (Mk (Bool true)) :ruleset arith_poly)
(rewrite (Mk (@$is_arith_exp (Args (Mk (@/ (Args (Mk a) (Args (Mk b) (Empty ))))) (Empty )))) (Mk (Bool true)) :ruleset arith_poly)
(rewrite (Mk (@$is_arith_exp (Args (Mk (@/_total (Args (Mk a) (Args (Mk b) (Empty ))))) (Empty )))) (Mk (Bool true)) :ruleset arith_poly)
(rewrite (Mk (@$is_arith_exp (Args (Mk (@to_real (Args (Mk a) (Empty )))) (Empty )))) (Mk (Bool true)) :ruleset arith_poly)
(rewrite (Mk (@$is_arith_exp (Args (Mk (@poly (Args (Mk m) (Args (Mk p) (Empty ))))) (Empty )))) (Mk (Bool false)) :ruleset arith_poly)
(rewrite (Mk (@$is_arith_exp (Args (Mk (@poly_zero )) (Empty )))) (Mk (Bool false)) :ruleset arith_poly)
(rewrite (Mk (@$is_arith_exp (Args (Mk (Var x)) (Empty )))) (Mk (Bool false)) :ruleset arith_poly)
(constructor @$equal_arith_terms (Term) Term)
(rewrite (Mk (@$equal_arith_terms (Args (Mk term) (Args (Mk term) (Empty ))))) (Mk (Bool true)) :ruleset arith_poly)
(rewrite (Mk (@$equal_arith_terms (Args (Mk (Var x)) (Args (Mk (Var y)) (Empty ))))) (Mk (Bool false)) :when ((!= x y)) :ruleset arith_poly)
(rewrite (Mk (@$equal_arith_terms (Args (Mk (Var x)) (Args (Mk (Num y)) (Empty ))))) (Mk (Bool false)) :ruleset arith_poly)
(rewrite (Mk (@$equal_arith_terms (Args (Mk (Var x)) (Args (Mk (@+ (Args (Mk op1) (Args (Mk op2) (Empty ))))) (Empty ))))) (Mk (Bool false)) :ruleset arith_poly)
(rewrite (Mk (@$equal_arith_terms (Args (Mk (Var x)) (Args (Mk (@- (Args (Mk op1) (Args (Mk op2) (Empty ))))) (Empty ))))) (Mk (Bool false)) :ruleset arith_poly)
(rewrite (Mk (@$equal_arith_terms (Args (Mk (Var x)) (Args (Mk (@- (Args (Mk op) (Empty )))) (Empty ))))) (Mk (Bool false)) :ruleset arith_poly)
(rewrite (Mk (@$equal_arith_terms (Args (Mk (Var x)) (Args (Mk (@* (Args (Mk op1) (Args (Mk op2) (Empty ))))) (Empty ))))) (Mk (Bool false)) :ruleset arith_poly)
(rewrite (Mk (@$equal_arith_terms (Args (Mk (Var x)) (Args (Mk (@/ (Args (Mk op1) (Args (Mk op2) (Empty ))))) (Empty ))))) (Mk (Bool false)) :ruleset arith_poly)
(rewrite (Mk (@$equal_arith_terms (Args (Mk (Var x)) (Args (Mk (@/_total (Args (Mk op1) (Args (Mk op2) (Empty ))))) (Empty ))))) (Mk (Bool false)) :ruleset arith_poly)
(rewrite (Mk (@$equal_arith_terms (Args (Mk (Var x)) (Args (Mk (@poly_zero )) (Empty ))))) (Mk (Bool false)) :ruleset arith_poly)
(rewrite (Mk (@$equal_arith_terms (Args (Mk (Var x)) (Args (Mk (@poly (Args (Mk mon) (Args (Mk poly) (Empty ))))) (Empty ))))) (Mk (Bool false)) :ruleset arith_poly)
(rewrite (Mk (@$equal_arith_terms (Args (Mk (Num x)) (Args (Mk (Num y)) (Empty ))))) (Mk (Bool false)) :when ((!= x y)) :ruleset arith_poly)
(rewrite (Mk (@$equal_arith_terms (Args (Mk (Num x)) (Args (Mk (Var y)) (Empty ))))) (Mk (Bool false)) :ruleset arith_poly)
(rewrite (Mk (@$equal_arith_terms (Args (Mk (Num x)) (Args (Mk (@+ (Args (Mk op1) (Args (Mk op2) (Empty ))))) (Empty ))))) (Mk (Bool false)) :ruleset arith_poly)
(rewrite (Mk (@$equal_arith_terms (Args (Mk (Num x)) (Args (Mk (@- (Args (Mk op1) (Args (Mk op2) (Empty ))))) (Empty ))))) (Mk (Bool false)) :ruleset arith_poly)
(rewrite (Mk (@$equal_arith_terms (Args (Mk (Num x)) (Args (Mk (@- (Args (Mk op) (Empty )))) (Empty ))))) (Mk (Bool false)) :ruleset arith_poly)
(rewrite (Mk (@$equal_arith_terms (Args (Mk (Num x)) (Args (Mk (@* (Args (Mk op1) (Args (Mk op2) (Empty ))))) (Empty ))))) (Mk (Bool false)) :ruleset arith_poly)
(rewrite (Mk (@$equal_arith_terms (Args (Mk (Num x)) (Args (Mk (@/ (Args (Mk op1) (Args (Mk op2) (Empty ))))) (Empty ))))) (Mk (Bool false)) :ruleset arith_poly)
(rewrite (Mk (@$equal_arith_terms (Args (Mk (Num x)) (Args (Mk (@/_total (Args (Mk op1) (Args (Mk op2) (Empty ))))) (Empty ))))) (Mk (Bool false)) :ruleset arith_poly)
(rewrite (Mk (@$equal_arith_terms (Args (Mk (Num x)) (Args (Mk (@poly_zero )) (Empty ))))) (Mk (Bool false)) :ruleset arith_poly)
(rewrite (Mk (@$equal_arith_terms (Args (Mk (Num x)) (Args (Mk (@poly (Args (Mk mon) (Args (Mk poly) (Empty ))))) (Empty ))))) (Mk (Bool false)) :ruleset arith_poly)
(rewrite (Mk (@$equal_arith_terms (Args (Mk (@+ (Args (Mk op1) (Args (Mk op2) (Empty ))))) (Args (Mk (Num y)) (Empty ))))) (Mk (Bool false)) :ruleset arith_poly)
(rewrite (Mk (@$equal_arith_terms (Args (Mk (@+ (Args (Mk op1) (Args (Mk op2) (Empty ))))) (Args (Mk (Var y)) (Empty ))))) (Mk (Bool false)) :ruleset arith_poly)
(rewrite (Mk (@$equal_arith_terms (Args (Mk (@+ (Args (Mk op1) (Args (Mk op2) (Empty ))))) (Args (Mk (@+ (Args (Mk op3) (Args (Mk op4) (Empty ))))) (Empty ))))) (Mk (@and (Args (Mk (@$equal_arith_terms (Args (Mk op1) (Args (Mk op3) (Empty ))))) (Args (Mk (@$equal_arith_terms (Args (Mk op2) (Args (Mk op4) (Empty ))))) (Empty ))))) :ruleset arith_poly)
(rewrite (Mk (@$equal_arith_terms (Args (Mk (@+ (Args (Mk op1) (Args (Mk op2) (Empty ))))) (Args (Mk (@- (Args (Mk op1) (Args (Mk op2) (Empty ))))) (Empty ))))) (Mk (Bool false)) :ruleset arith_poly)
(rewrite (Mk (@$equal_arith_terms (Args (Mk (@+ (Args (Mk op1) (Args (Mk op2) (Empty ))))) (Args (Mk (@- (Args (Mk op) (Empty )))) (Empty ))))) (Mk (Bool false)) :ruleset arith_poly)
(rewrite (Mk (@$equal_arith_terms (Args (Mk (@+ (Args (Mk op1) (Args (Mk op2) (Empty ))))) (Args (Mk (@* (Args (Mk op1) (Args (Mk op2) (Empty ))))) (Empty ))))) (Mk (Bool false)) :ruleset arith_poly)
(rewrite (Mk (@$equal_arith_terms (Args (Mk (@+ (Args (Mk op1) (Args (Mk op2) (Empty ))))) (Args (Mk (@/ (Args (Mk op1) (Args (Mk op2) (Empty ))))) (Empty ))))) (Mk (Bool false)) :ruleset arith_poly)
(rewrite (Mk (@$equal_arith_terms (Args (Mk (@+ (Args (Mk op1) (Args (Mk op2) (Empty ))))) (Args (Mk (@/_total (Args (Mk op1) (Args (Mk op2) (Empty ))))) (Empty ))))) (Mk (Bool false)) :ruleset arith_poly)
(rewrite (Mk (@$equal_arith_terms (Args (Mk (@+ (Args (Mk op1) (Args (Mk op2) (Empty ))))) (Args (Mk (@poly_zero )) (Empty ))))) (Mk (Bool false)) :ruleset arith_poly)
(rewrite (Mk (@$equal_arith_terms (Args (Mk (@+ (Args (Mk op1) (Args (Mk op2) (Empty ))))) (Args (Mk (@poly (Args (Mk mon) (Args (Mk poly) (Empty ))))) (Empty ))))) (Mk (Bool false)) :ruleset arith_poly)
(rewrite (Mk (@$equal_arith_terms (Args (Mk (@* (Args (Mk op1) (Args (Mk op2) (Empty ))))) (Args (Mk (Num y)) (Empty ))))) (Mk (Bool false)) :ruleset arith_poly)
(rewrite (Mk (@$equal_arith_terms (Args (Mk (@* (Args (Mk op1) (Args (Mk op2) (Empty ))))) (Args (Mk (Var y)) (Empty ))))) (Mk (Bool false)) :ruleset arith_poly)
(rewrite (Mk (@$equal_arith_terms (Args (Mk (@* (Args (Mk op1) (Args (Mk op2) (Empty ))))) (Args (Mk (@* (Args (Mk op3) (Args (Mk op4) (Empty ))))) (Empty ))))) (Mk (@and (Args (Mk (@$equal_arith_terms (Args (Mk op1) (Args (Mk op3) (Empty ))))) (Args (Mk (@$equal_arith_terms (Args (Mk op2) (Args (Mk op4) (Empty ))))) (Empty ))))) :ruleset arith_poly)
(rewrite (Mk (@$equal_arith_terms (Args (Mk (@* (Args (Mk op1) (Args (Mk op2) (Empty ))))) (Args (Mk (@- (Args (Mk op1) (Args (Mk op2) (Empty ))))) (Empty ))))) (Mk (Bool false)) :ruleset arith_poly)
(rewrite (Mk (@$equal_arith_terms (Args (Mk (@* (Args (Mk op1) (Args (Mk op2) (Empty ))))) (Args (Mk (@- (Args (Mk op) (Empty )))) (Empty ))))) (Mk (Bool false)) :ruleset arith_poly)
(rewrite (Mk (@$equal_arith_terms (Args (Mk (@* (Args (Mk op1) (Args (Mk op2) (Empty ))))) (Args (Mk (@* (Args (Mk op1) (Args (Mk op2) (Empty ))))) (Empty ))))) (Mk (Bool false)) :ruleset arith_poly)
(rewrite (Mk (@$equal_arith_terms (Args (Mk (@* (Args (Mk op1) (Args (Mk op2) (Empty ))))) (Args (Mk (@/ (Args (Mk op1) (Args (Mk op2) (Empty ))))) (Empty ))))) (Mk (Bool false)) :ruleset arith_poly)
(rewrite (Mk (@$equal_arith_terms (Args (Mk (@* (Args (Mk op1) (Args (Mk op2) (Empty ))))) (Args (Mk (@/_total (Args (Mk op1) (Args (Mk op2) (Empty ))))) (Empty ))))) (Mk (Bool false)) :ruleset arith_poly)
(rewrite (Mk (@$equal_arith_terms (Args (Mk (@* (Args (Mk op1) (Args (Mk op2) (Empty ))))) (Args (Mk (@poly_zero )) (Empty ))))) (Mk (Bool false)) :ruleset arith_poly)
(rewrite (Mk (@$equal_arith_terms (Args (Mk (@* (Args (Mk op1) (Args (Mk op2) (Empty ))))) (Args (Mk (@poly (Args (Mk mon) (Args (Mk poly) (Empty ))))) (Empty ))))) (Mk (Bool false)) :ruleset arith_poly)
(rewrite (Mk (@$equal_arith_terms (Args (Mk (@/ (Args (Mk op1) (Args (Mk op2) (Empty ))))) (Args (Mk (Num y)) (Empty ))))) (Mk (Bool false)) :ruleset arith_poly)
(rewrite (Mk (@$equal_arith_terms (Args (Mk (@/ (Args (Mk op1) (Args (Mk op2) (Empty ))))) (Args (Mk (Var y)) (Empty ))))) (Mk (Bool false)) :ruleset arith_poly)
(rewrite (Mk (@$equal_arith_terms (Args (Mk (@/ (Args (Mk op1) (Args (Mk op2) (Empty ))))) (Args (Mk (@/ (Args (Mk op3) (Args (Mk op4) (Empty ))))) (Empty ))))) (Mk (@and (Args (Mk (@$equal_arith_terms (Args (Mk op1) (Args (Mk op3) (Empty ))))) (Args (Mk (@$equal_arith_terms (Args (Mk op2) (Args (Mk op4) (Empty ))))) (Empty ))))) :ruleset arith_poly)
(rewrite (Mk (@$equal_arith_terms (Args (Mk (@/ (Args (Mk op1) (Args (Mk op2) (Empty ))))) (Args (Mk (@- (Args (Mk op1) (Args (Mk op2) (Empty ))))) (Empty ))))) (Mk (Bool false)) :ruleset arith_poly)
(rewrite (Mk (@$equal_arith_terms (Args (Mk (@/ (Args (Mk op1) (Args (Mk op2) (Empty ))))) (Args (Mk (@- (Args (Mk op) (Empty )))) (Empty ))))) (Mk (Bool false)) :ruleset arith_poly)
(rewrite (Mk (@$equal_arith_terms (Args (Mk (@/ (Args (Mk op1) (Args (Mk op2) (Empty ))))) (Args (Mk (@* (Args (Mk op1) (Args (Mk op2) (Empty ))))) (Empty ))))) (Mk (Bool false)) :ruleset arith_poly)
(rewrite (Mk (@$equal_arith_terms (Args (Mk (@/ (Args (Mk op1) (Args (Mk op2) (Empty ))))) (Args (Mk (@/ (Args (Mk op1) (Args (Mk op2) (Empty ))))) (Empty ))))) (Mk (Bool false)) :ruleset arith_poly)
(rewrite (Mk (@$equal_arith_terms (Args (Mk (@/ (Args (Mk op1) (Args (Mk op2) (Empty ))))) (Args (Mk (@/_total (Args (Mk op1) (Args (Mk op2) (Empty ))))) (Empty ))))) (Mk (Bool false)) :ruleset arith_poly)
(rewrite (Mk (@$equal_arith_terms (Args (Mk (@/ (Args (Mk op1) (Args (Mk op2) (Empty ))))) (Args (Mk (@poly_zero )) (Empty ))))) (Mk (Bool false)) :ruleset arith_poly)
(rewrite (Mk (@$equal_arith_terms (Args (Mk (@/ (Args (Mk op1) (Args (Mk op2) (Empty ))))) (Args (Mk (@poly (Args (Mk mon) (Args (Mk poly) (Empty ))))) (Empty ))))) (Mk (Bool false)) :ruleset arith_poly)
(rewrite (Mk (@$equal_arith_terms (Args (Mk (@- (Args (Mk op1) (Args (Mk op2) (Empty ))))) (Args (Mk (Num y)) (Empty ))))) (Mk (Bool false)) :ruleset arith_poly)
(rewrite (Mk (@$equal_arith_terms (Args (Mk (@- (Args (Mk op1) (Args (Mk op2) (Empty ))))) (Args (Mk (Var y)) (Empty ))))) (Mk (Bool false)) :ruleset arith_poly)
(rewrite (Mk (@$equal_arith_terms (Args (Mk (@- (Args (Mk op1) (Args (Mk op2) (Empty ))))) (Args (Mk (@- (Args (Mk op3) (Args (Mk op4) (Empty ))))) (Empty ))))) (Mk (@and (Args (Mk (@$equal_arith_terms (Args (Mk op1) (Args (Mk op3) (Empty ))))) (Args (Mk (@$equal_arith_terms (Args (Mk op2) (Args (Mk op4) (Empty ))))) (Empty ))))) :ruleset arith_poly)
(rewrite (Mk (@$equal_arith_terms (Args (Mk (@- (Args (Mk op1) (Args (Mk op2) (Empty ))))) (Args (Mk (@- (Args (Mk op1) (Args (Mk op2) (Empty ))))) (Empty ))))) (Mk (Bool false)) :ruleset arith_poly)
(rewrite (Mk (@$equal_arith_terms (Args (Mk (@- (Args (Mk op1) (Args (Mk op2) (Empty ))))) (Args (Mk (@- (Args (Mk op) (Empty )))) (Empty ))))) (Mk (Bool false)) :ruleset arith_poly)
(rewrite (Mk (@$equal_arith_terms (Args (Mk (@- (Args (Mk op1) (Args (Mk op2) (Empty ))))) (Args (Mk (@* (Args (Mk op1) (Args (Mk op2) (Empty ))))) (Empty ))))) (Mk (Bool false)) :ruleset arith_poly)
(rewrite (Mk (@$equal_arith_terms (Args (Mk (@- (Args (Mk op1) (Args (Mk op2) (Empty ))))) (Args (Mk (@/ (Args (Mk op1) (Args (Mk op2) (Empty ))))) (Empty ))))) (Mk (Bool false)) :ruleset arith_poly)
(rewrite (Mk (@$equal_arith_terms (Args (Mk (@- (Args (Mk op1) (Args (Mk op2) (Empty ))))) (Args (Mk (@/_total (Args (Mk op1) (Args (Mk op2) (Empty ))))) (Empty ))))) (Mk (Bool false)) :ruleset arith_poly)
(rewrite (Mk (@$equal_arith_terms (Args (Mk (@- (Args (Mk op1) (Args (Mk op2) (Empty ))))) (Args (Mk (@poly_zero )) (Empty ))))) (Mk (Bool false)) :ruleset arith_poly)
(rewrite (Mk (@$equal_arith_terms (Args (Mk (@- (Args (Mk op1) (Args (Mk op2) (Empty ))))) (Args (Mk (@poly (Args (Mk mon) (Args (Mk poly) (Empty ))))) (Empty ))))) (Mk (Bool false)) :ruleset arith_poly)
(rewrite (Mk (@$equal_arith_terms (Args (Mk (@- (Args (Mk op) (Empty )))) (Args (Mk (Num y)) (Empty ))))) (Mk (Bool false)) :ruleset arith_poly)
(rewrite (Mk (@$equal_arith_terms (Args (Mk (@- (Args (Mk op) (Empty )))) (Args (Mk (Var y)) (Empty ))))) (Mk (Bool false)) :ruleset arith_poly)
(rewrite (Mk (@$equal_arith_terms (Args (Mk (@- (Args (Mk op) (Empty )))) (Args (Mk (@- (Args (Mk op3) (Args (Mk op4) (Empty ))))) (Empty ))))) (Mk (Bool false)) :ruleset arith_poly)
(rewrite (Mk (@$equal_arith_terms (Args (Mk (@- (Args (Mk op1) (Empty )))) (Args (Mk (@- (Args (Mk op2) (Args (Mk op2) (Empty ))))) (Empty ))))) (Mk (@$equal_arith_terms (Args (Mk op1) (Args (Mk op2) (Empty ))))) :ruleset arith_poly)
(rewrite (Mk (@$equal_arith_terms (Args (Mk (@- (Args (Mk op) (Empty )))) (Args (Mk (@- (Args (Mk op) (Empty )))) (Empty ))))) (Mk (Bool false)) :ruleset arith_poly)
(rewrite (Mk (@$equal_arith_terms (Args (Mk (@- (Args (Mk op) (Empty )))) (Args (Mk (@* (Args (Mk op1) (Args (Mk op2) (Empty ))))) (Empty ))))) (Mk (Bool false)) :ruleset arith_poly)
(rewrite (Mk (@$equal_arith_terms (Args (Mk (@- (Args (Mk op) (Empty )))) (Args (Mk (@/ (Args (Mk op1) (Args (Mk op2) (Empty ))))) (Empty ))))) (Mk (Bool false)) :ruleset arith_poly)
(rewrite (Mk (@$equal_arith_terms (Args (Mk (@- (Args (Mk op) (Empty )))) (Args (Mk (@/_total (Args (Mk op1) (Args (Mk op2) (Empty ))))) (Empty ))))) (Mk (Bool false)) :ruleset arith_poly)
(rewrite (Mk (@$equal_arith_terms (Args (Mk (@- (Args (Mk op) (Empty )))) (Args (Mk (@poly_zero )) (Empty ))))) (Mk (Bool false)) :ruleset arith_poly)
(rewrite (Mk (@$equal_arith_terms (Args (Mk (@- (Args (Mk op) (Empty )))) (Args (Mk (@poly (Args (Mk mon) (Args (Mk poly) (Empty ))))) (Empty ))))) (Mk (Bool false)) :ruleset arith_poly)
(rewrite (Mk (@$equal_arith_terms (Args (Mk (@poly_zero )) (Args (Mk (Num y)) (Empty ))))) (Mk (Bool false)) :ruleset arith_poly)
(rewrite (Mk (@$equal_arith_terms (Args (Mk (@poly_zero )) (Args (Mk (Var y)) (Empty ))))) (Mk (Bool false)) :ruleset arith_poly)
(rewrite (Mk (@$equal_arith_terms (Args (Mk (@poly_zero )) (Args (Mk (@- (Args (Mk op3) (Args (Mk op4) (Empty ))))) (Empty ))))) (Mk (Bool false)) :ruleset arith_poly)
(rewrite (Mk (@$equal_arith_terms (Args (Mk (@poly_zero )) (Args (Mk (@- (Args (Mk op2) (Args (Mk op2) (Empty ))))) (Empty ))))) (Mk (Bool false)) :ruleset arith_poly)
(rewrite (Mk (@$equal_arith_terms (Args (Mk (@poly_zero )) (Args (Mk (@- (Args (Mk op) (Empty )))) (Empty ))))) (Mk (Bool false)) :ruleset arith_poly)
(rewrite (Mk (@$equal_arith_terms (Args (Mk (@poly_zero )) (Args (Mk (@* (Args (Mk op1) (Args (Mk op2) (Empty ))))) (Empty ))))) (Mk (Bool false)) :ruleset arith_poly)
(rewrite (Mk (@$equal_arith_terms (Args (Mk (@poly_zero )) (Args (Mk (@/ (Args (Mk op1) (Args (Mk op2) (Empty ))))) (Empty ))))) (Mk (Bool false)) :ruleset arith_poly)
(rewrite (Mk (@$equal_arith_terms (Args (Mk (@poly_zero )) (Args (Mk (@/_total (Args (Mk op1) (Args (Mk op2) (Empty ))))) (Empty ))))) (Mk (Bool false)) :ruleset arith_poly)
(rewrite (Mk (@$equal_arith_terms (Args (Mk (@poly_zero )) (Args (Mk (@poly_zero )) (Empty ))))) (Mk (Bool true)) :ruleset arith_poly)
(rewrite (Mk (@$equal_arith_terms (Args (Mk (@poly_zero )) (Args (Mk (@poly (Args (Mk mon) (Args (Mk poly) (Empty ))))) (Empty ))))) (Mk (Bool false)) :ruleset arith_poly)
(rewrite (Mk (@$equal_arith_terms (Args (Mk (@poly (Args (Mk mon) (Args (Mk poly) (Empty ))))) (Args (Mk (Num y)) (Empty ))))) (Mk (Bool false)) :ruleset arith_poly)
(rewrite (Mk (@$equal_arith_terms (Args (Mk (@poly (Args (Mk mon) (Args (Mk poly) (Empty ))))) (Args (Mk (Var y)) (Empty ))))) (Mk (Bool false)) :ruleset arith_poly)
(rewrite (Mk (@$equal_arith_terms (Args (Mk (@poly (Args (Mk mon) (Args (Mk poly) (Empty ))))) (Args (Mk (@- (Args (Mk op3) (Args (Mk op4) (Empty ))))) (Empty ))))) (Mk (Bool false)) :ruleset arith_poly)
(rewrite (Mk (@$equal_arith_terms (Args (Mk (@poly (Args (Mk mon) (Args (Mk poly) (Empty ))))) (Args (Mk (@- (Args (Mk op2) (Args (Mk op2) (Empty ))))) (Empty ))))) (Mk (Bool false)) :ruleset arith_poly)
(rewrite (Mk (@$equal_arith_terms (Args (Mk (@poly (Args (Mk mon) (Args (Mk poly) (Empty ))))) (Args (Mk (@- (Args (Mk op) (Empty )))) (Empty ))))) (Mk (Bool false)) :ruleset arith_poly)
(rewrite (Mk (@$equal_arith_terms (Args (Mk (@poly (Args (Mk mon) (Args (Mk poly) (Empty ))))) (Args (Mk (@* (Args (Mk op1) (Args (Mk op2) (Empty ))))) (Empty ))))) (Mk (Bool false)) :ruleset arith_poly)
(rewrite (Mk (@$equal_arith_terms (Args (Mk (@poly (Args (Mk mon) (Args (Mk poly) (Empty ))))) (Args (Mk (@/ (Args (Mk op1) (Args (Mk op2) (Empty ))))) (Empty ))))) (Mk (Bool false)) :ruleset arith_poly)
(rewrite (Mk (@$equal_arith_terms (Args (Mk (@poly (Args (Mk mon) (Args (Mk poly) (Empty ))))) (Args (Mk (@/_total (Args (Mk op1) (Args (Mk op2) (Empty ))))) (Empty ))))) (Mk (Bool false)) :ruleset arith_poly)
(rewrite (Mk (@$equal_arith_terms (Args (Mk (@poly (Args (Mk mon) (Args (Mk poly) (Empty ))))) (Args (Mk (@poly_zero )) (Empty ))))) (Mk (Bool true)) :ruleset arith_poly)
(rewrite (Mk (@$equal_arith_terms (Args (Mk (@poly (Args (Mk mon1) (Args (Mk poly1) (Empty ))))) (Args (Mk (@poly (Args (Mk mon2) (Args (Mk poly2) (Empty ))))) (Empty ))))) (Mk (@and (Args (Mk (@$equal_arith_terms (Args (Mk mon1) (Args (Mk mon2) (Empty ))))) (Args (Mk (@$equal_arith_terms (Args (Mk poly1) (Args (Mk poly2) (Empty ))))) (Empty ))))) :ruleset arith_poly)
(constructor @$poly_neg (Term) Term)
(rewrite (Mk (@$poly_neg (Args (Mk (@poly_zero )) (Empty )))) (Mk (@poly_zero )) :ruleset arith_poly)
(rewrite (Mk (@$poly_neg (Args (Mk (@poly (Args (Mk (@mon (Args (Mk a) (Args (Mk c) (Empty ))))) (Args (Mk p2) (Empty ))))) (Empty )))) (Mk (@poly (Args (Mk (@mon (Args (Mk a) (Args (Mk (@- (Args (Mk c) (Empty )))) (Empty ))))) (Args (Mk (@$poly_neg (Args (Mk p2) (Empty )))) (Empty ))))) :ruleset arith_poly)
(constructor @$poly_add (Term) Term)
(rewrite (Mk (@$poly_add (Args (Mk (@poly_zero )) (Args (Mk p) (Empty ))))) (Mk p) :ruleset arith_poly)
(rewrite (Mk (@$poly_add (Args (Mk p) (Args (Mk (@poly_zero )) (Empty ))))) (Mk p) :ruleset arith_poly)
(rewrite (Mk (@$poly_add (Args (Mk (@poly (Args (Mk (@mon (Args (Mk a1) (Args (Mk (Num c1)) (Empty ))))) (Args (Mk p1) (Empty ))))) (Args (Mk (@poly (Args (Mk (@mon (Args (Mk a1) (Args (Mk (Num c2)) (Empty ))))) (Args (Mk p2) (Empty ))))) (Empty ))))) (Mk (@poly (Args (Mk (@mon (Args (Mk a1) (Args (Mk (@+ (Args (Mk (Num c1)) (Args (Mk (Num c2)) (Empty ))))) (Empty ))))) (Args (Mk (@$poly_add (Args (Mk p1) (Args (Mk p2) (Empty ))))) (Empty ))))) :when ((!= (+ c1 c2) 0)) :ruleset arith_poly)
(rewrite (Mk (@$poly_add (Args (Mk (@poly (Args (Mk (@mon (Args (Mk a1) (Args (Mk (Num c1)) (Empty ))))) (Args (Mk p1) (Empty ))))) (Args (Mk (@poly (Args (Mk (@mon (Args (Mk a1) (Args (Mk (Num c2)) (Empty ))))) (Args (Mk p2) (Empty ))))) (Empty ))))) (Mk (@$poly_add (Args (Mk p1) (Args (Mk p2) (Empty ))))) :when ((= (+ c1 c2) 0)) :ruleset arith_poly)
(rewrite (Mk (@$poly_add (Args (Mk (@poly (Args (Mk (@mon (Args (Mk a1) (Args (Mk (Num c1)) (Empty ))))) (Args (Mk p1) (Empty ))))) (Args (Mk (@poly (Args (Mk (@mon (Args (Mk a2) (Args (Mk (Num c2)) (Empty ))))) (Args (Mk p2) (Empty ))))) (Empty ))))) (Mk (@poly (Args (Mk (@mon (Args (Mk a1) (Args (Mk (Num c1)) (Empty ))))) (Args (Mk (@$poly_add (Args (Mk p1) (Args (Mk (@poly (Args (Mk (@mon (Args (Mk a2) (Args (Mk (Num c2)) (Empty ))))) (Args (Mk p2) (Empty ))))) (Empty ))))) (Empty ))))) :when ((= (Mk (@$equal_arith_terms (Args (Mk a1) (Args (Mk a2) (Empty ))))) (Mk (Bool false))) (= (Mk (@$less_or_equal_var (Args (Mk a1) (Args (Mk a2) (Empty ))))) (Mk (Bool true)))) :ruleset arith_poly)
(rule ((Mk (@$poly_add (Args (Mk (@poly (Args (Mk (@mon (Args (Mk a1) (Args (Mk (Num c1)) (Empty ))))) (Args (Mk p1) (Empty ))))) (Args (Mk (@poly (Args (Mk (@mon (Args (Mk a2) (Args (Mk (Num c2)) (Empty ))))) (Args (Mk p2) (Empty ))))) (Empty ))))))
      ((Mk (@$less_or_equal_var (Args (Mk a1) (Args (Mk a2) (Empty )))))
       (Mk (@$equal_arith_terms (Args (Mk a1) (Args (Mk a2) (Empty ))))))
        :ruleset arith_poly )
(rewrite (Mk (@$poly_add (Args (Mk (@poly (Args (Mk (@mon (Args (Mk a1) (Args (Mk (Num c1)) (Empty ))))) (Args (Mk p1) (Empty ))))) (Args (Mk (@poly (Args (Mk (@mon (Args (Mk a2) (Args (Mk (Num c2)) (Empty ))))) (Args (Mk p2) (Empty ))))) (Empty ))))) (Mk (@poly (Args (Mk (@mon (Args (Mk a2) (Args (Mk (Num c2)) (Empty ))))) (Args (Mk (@$poly_add (Args (Mk p2) (Args (Mk (@poly (Args (Mk (@mon (Args (Mk a1) (Args (Mk (Num c1)) (Empty ))))) (Args (Mk p1) (Empty ))))) (Empty ))))) (Empty ))))) :when ((= (Mk (@$equal_arith_terms (Args (Mk a1) (Args (Mk a2) (Empty ))))) (Mk (Bool false))) (= (Mk (@$less_or_equal_var (Args (Mk a1) (Args (Mk a2) (Empty ))))) (Mk (Bool false)))) :ruleset arith_poly)
(constructor @$mvar_mul_mvar (Term) Term)
(rewrite (Mk (@$mvar_mul_mvar (Args (Mk (@* (Args (Mk a1) (Args (Mk c1) (Empty ))))) (Args (Mk (@* (Args (Mk a2) (Args (Mk c2) (Empty ))))) (Empty ))))) (Mk (@* (Args (Mk a1) (Args (Mk (@$mvar_mul_mvar (Args (Mk c1) (Args (Mk (@* (Args (Mk a2) (Args (Mk c2) (Empty ))))) (Empty ))))) (Empty ))))) :when ((= (Mk (@$less_or_equal_var (Args (Mk a1) (Args (Mk a2) (Empty ))))) (Mk (Bool true)))) :ruleset arith_poly)
(rule ((Mk (@$mvar_mul_mvar (Args (Mk (@* (Args (Mk a1) (Args (Mk c1) (Empty ))))) (Args (Mk (@* (Args (Mk a2) (Args (Mk c2) (Empty ))))) (Empty ))))))
      ((Mk (@$less_or_equal_var (Args (Mk a1) (Args (Mk a2) (Empty ))))))
        :ruleset arith_poly )
(rewrite (Mk (@$mvar_mul_mvar (Args (Mk (@* (Args (Mk a1) (Args (Mk c1) (Empty ))))) (Args (Mk (@* (Args (Mk a2) (Args (Mk c2) (Empty ))))) (Empty ))))) (Mk (@* (Args (Mk a2) (Args (Mk (@$mvar_mul_mvar (Args (Mk (@* (Args (Mk a1) (Args (Mk c1) (Empty ))))) (Args (Mk c2) (Empty ))))) (Empty ))))) :when ((= (Mk (@$less_or_equal_var (Args (Mk a1) (Args (Mk a2) (Empty ))))) (Mk (Bool false)))) :ruleset arith_poly)
(rewrite (Mk (@$mvar_mul_mvar (Args (Mk (@* (Args (Mk a1) (Args (Mk c1) (Empty ))))) (Args (Mk (Num 1)) (Empty ))))) (Mk (@* (Args (Mk a1) (Args (Mk c1) (Empty ))))) :ruleset arith_poly)
(rewrite (Mk (@$mvar_mul_mvar (Args (Mk (Num 1)) (Args (Mk (@* (Args (Mk a1) (Args (Mk c1) (Empty ))))) (Empty ))))) (Mk (@* (Args (Mk a1) (Args (Mk c1) (Empty ))))) :ruleset arith_poly)
(constructor @$mon_mul_mon (Term) Term)
(rewrite (Mk (@$mon_mul_mon (Args (Mk (@mon (Args (Mk a1) (Args (Mk c1) (Empty ))))) (Args (Mk (@mon (Args (Mk a2) (Args (Mk c2) (Empty ))))) (Empty ))))) (Mk (@mon (Args (Mk (@$mvar_mul_mvar (Args (Mk a1) (Args (Mk a2) (Empty ))))) (Args (Mk (@* (Args (Mk c1) (Args (Mk c2) (Empty ))))) (Empty ))))) :ruleset arith_poly)
(constructor @$poly_mul_mon (Term) Term)
(rewrite (Mk (@$poly_mul_mon (Args (Mk m1) (Args (Mk (@poly (Args (Mk m2) (Args (Mk p2) (Empty ))))) (Empty ))))) (Mk (@$poly_add (Args (Mk (@poly (Args (Mk (@$mon_mul_mon (Args (Mk m1) (Args (Mk m2) (Empty ))))) (Args (Mk (@poly_zero )) (Empty ))))) (Args (Mk (@$poly_mul_mon (Args (Mk m1) (Args (Mk p2) (Empty ))))) (Empty ))))) :ruleset arith_poly)
(rewrite (Mk (@$poly_mul_mon (Args (Mk m1) (Args (Mk (@poly_zero )) (Empty ))))) (Mk (@poly_zero )) :ruleset arith_poly)
(constructor @$poly_mul (Term) Term)
(rewrite (Mk (@$poly_mul (Args (Mk (@poly (Args (Mk m) (Args (Mk p1) (Empty ))))) (Args (Mk p) (Empty ))))) (Mk (@$poly_add (Args (Mk (@$poly_mul_mon (Args (Mk m) (Args (Mk p) (Empty ))))) (Args (Mk (@$poly_mul (Args (Mk p1) (Args (Mk p) (Empty ))))) (Empty ))))) :ruleset arith_poly)
(rewrite (Mk (@$poly_mul (Args (Mk (@poly_zero )) (Args (Mk p) (Empty ))))) (Mk (@poly_zero )) :ruleset arith_poly)
(rewrite (Mk (@$poly_mul (Args (Mk p) (Args (Mk (@poly_zero )) (Empty ))))) (Mk (@poly_zero )) :ruleset arith_poly)
(constructor @$get_arith_poly_norm_div (Term) Term)
(rewrite (Mk (@$get_arith_poly_norm_div (Args (Mk (Num a1)) (Args (Mk a1p) (Args (Mk (Num a2)) (Empty )))))) (Mk (@$poly_mul_mon (Args (Mk (@mon (Args (Mk (Num 1)) (Args (Mk (@/ (Args (Mk (Num 1)) (Args (Mk (Num a2)) (Empty ))))) (Empty ))))) (Args (Mk a1p) (Empty ))))) :when ((!= a2 0)) :ruleset arith_poly)
(rewrite (Mk (@$get_arith_poly_norm_div (Args (Mk (Num a1)) (Args (Mk a1p) (Args (Mk (Num 0)) (Empty )))))) (Mk (@poly (Args (Mk (@mon (Args (@* (Args (Mk (@/ (Args (Mk (Num a1)) (Args (Mk (Num 0)) (Empty ))))) (Args (Mk (Num 1)) (Empty )))) (Args (Mk (Num 1)) (Empty ))))) (Args (Mk (@poly_zero )) (Empty ))))) :ruleset arith_poly)
(constructor @$get_arith_poly_norm (Term) Term)
(rewrite (Mk (@$get_arith_poly_norm (Args (Mk (@- (Args (Mk a1) (Empty )))) (Empty )))) (Mk (@$poly_neg (Args (Mk (@$get_arith_poly_norm (Args (Mk a1) (Empty )))) (Empty )))) :ruleset arith_poly)
(rewrite (Mk (@$get_arith_poly_norm (Args (Mk (@+ (Args (Mk a1) (Args (Mk a2) (Empty ))))) (Empty )))) (Mk (@$poly_add (Args (Mk (@$get_arith_poly_norm (Args (Mk a1) (Empty )))) (Args (Mk (@$get_arith_poly_norm (Args (Mk a2) (Empty )))) (Empty ))))) :ruleset arith_poly)
(rewrite (Mk (@$get_arith_poly_norm (Args (Mk (@- (Args (Mk a1) (Args (Mk a2) (Empty ))))) (Empty )))) (Mk (@$poly_add (Args (Mk (@$get_arith_poly_norm (Args (Mk a1) (Empty )))) (Args (Mk (@$poly_neg (Args (Mk (@$get_arith_poly_norm (Args (Mk a2) (Empty )))) (Empty )))) (Empty ))))) :ruleset arith_poly)
(rewrite (Mk (@$get_arith_poly_norm (Args (Mk (@* (Args (Mk a1) (Args (Mk a2) (Empty ))))) (Empty )))) (Mk (@$poly_mul (Args (Mk (@$get_arith_poly_norm (Args (Mk a1) (Empty )))) (Args (Mk (@$get_arith_poly_norm (Args (Mk a2) (Empty )))) (Empty ))))) :ruleset arith_poly)
(rewrite (Mk (@$get_arith_poly_norm (Args (Mk (@/ (Args (Mk a1) (Args (Mk a2) (Empty ))))) (Empty )))) (Mk (@$get_arith_poly_norm_div (Args (Mk a1) (Args (Mk (@$get_arith_poly_norm (Args (Mk a1) (Empty )))) (Args (Mk a2) (Empty )))))) :ruleset arith_poly)
(rewrite (Mk (@$get_arith_poly_norm (Args (Mk (@/_total (Args (Mk a1) (Args (Mk a2) (Empty ))))) (Empty )))) (Mk (@$get_arith_poly_norm_div (Args (Mk a1) (Args (Mk (@$get_arith_poly_norm (Args (Mk a1) (Empty )))) (Args (Mk a2) (Empty )))))) :ruleset arith_poly)
(rewrite (Mk (@$get_arith_poly_norm (Args (Mk (@to_real (Args (Mk x) (Empty )))) (Empty )))) (Mk (@$get_arith_poly_norm (Args (Mk x) (Empty )))) :ruleset arith_poly)
(rewrite (Mk (@$get_arith_poly_norm (Args (Mk (Num 0)) (Empty )))) (Mk (@poly_zero )) :ruleset arith_poly)
(rewrite (Mk (@$get_arith_poly_norm (Args (Mk (Num x)) (Empty )))) (Mk (@poly (Args (Mk (@mon (Args (Mk (Num 1)) (Args (Mk (Num x)) (Empty ))))) (Args (Mk (@poly_zero )) (Empty ))))) :when ((!= x 0)) :ruleset arith_poly)
(rewrite (Mk (@$get_arith_poly_norm (Args (Mk x) (Empty )))) (Mk (@poly (Args (Mk (@mon (Args (Mk (@* (Args (Mk x) (Args (Mk (Num 1)) (Empty ))))) (Args (Mk (Num 1)) (Empty ))))) (Args (Mk (@poly_zero )) (Empty ))))) :when ((= (Mk (@$is_arith_exp (Args (Mk x) (Empty )))) (Mk (Bool false)))) :ruleset arith_poly)
(rule ((Mk (@$get_arith_poly_norm (Args (Mk x) (Empty )))))
      ((Mk (@$is_arith_exp (Args (Mk x) (Empty )))))
        :ruleset arith_poly )
(rewrite (Mk poly1) (Mk poly2) :when ((= (Mk (@$is_arith_exp (Args (Mk poly1) (Empty )))) (Mk (Bool true))) (= (Mk (@$is_arith_exp (Args (Mk poly2) (Empty )))) (Mk (Bool true))) (= (Mk (@$get_arith_poly_norm (Args (Mk poly1) (Empty )))) (Mk (@$get_arith_poly_norm (Args (Mk poly2) (Empty )))))) :ruleset arith_poly)
(ruleset evaluation)
(rewrite (Mk (@not (Args (Mk (Bool x)) (Empty )))) (Mk (Bool (not x))) :ruleset evaluation)
(rewrite (Mk (@and (Args (Mk (Bool x)) (Args (Mk (Bool y)) (Empty ))))) (Mk (Bool (and x y))) :ruleset evaluation)
(rewrite (Mk (@or (Args (Mk (Bool x)) (Args (Mk (Bool y)) (Empty ))))) (Mk (Bool (or x y))) :ruleset evaluation)
(rewrite (Mk (@xor (Args (Mk (Bool x)) (Args (Mk (Bool y)) (Empty ))))) (Mk (Bool (xor x y))) :ruleset evaluation)
(rewrite (Mk (@=> (Args (Mk (Bool x)) (Args (Mk (Bool y)) (Empty ))))) (Mk (Bool (or (not x) y))) :ruleset evaluation)
(rewrite (Mk (@ite (Args (Mk (Bool true)) (Args (Mk x) (Args (Mk y) (Empty )))))) (Mk x) :ruleset evaluation)
(rewrite (Mk (@ite (Args (Mk (Bool false)) (Args (Mk x) (Args (Mk y) (Empty )))))) (Mk y) :ruleset evaluation)
(rewrite (Mk (@= (Args (Mk (Num x)) (Args (Mk (Num y)) (Empty ))))) (Mk (Bool true)) :when ((= x y)) :ruleset evaluation)
(rewrite (Mk (@= (Args (Mk (Num x)) (Args (Mk (Num y)) (Empty ))))) (Mk (Bool false)) :when ((!= x y)) :ruleset evaluation)
(rewrite (Mk (@= (Args (Mk (Bool x)) (Args (Mk (Bool y)) (Empty ))))) (Mk (Bool true)) :when ((= x y)) :ruleset evaluation)
(rewrite (Mk (@= (Args (Mk (Bool x)) (Args (Mk (Bool y)) (Empty ))))) (Mk (Bool false)) :when ((!= x y)) :ruleset evaluation)
(rewrite (Mk (@= (Args (Mk (Real n1 d1)) (Args (Mk (Real n2 d2)) (Empty ))))) (Mk (Bool true)) :when ((= (* n1 d2) (* n2 d1))) :ruleset evaluation)
(rewrite (Mk (@= (Args (Mk (Real n1 d1)) (Args (Mk (Real n2 d2)) (Empty ))))) (Mk (Bool false)) :when ((!= (* n1 d2) (* n2 d1))) :ruleset evaluation)
(rewrite (Mk (@< (Args (Mk (Num x)) (Args (Mk (Num y)) (Empty ))))) (Mk (Bool true)) :when ((< x y)) :ruleset evaluation)
(rewrite (Mk (@< (Args (Mk (Num x)) (Args (Mk (Num y)) (Empty ))))) (Mk (Bool false)) :when ((>= x y)) :ruleset evaluation)
(rewrite (Mk (@< (Args (Mk (Real n1 d1)) (Args (Mk (Real n2 d2)) (Empty ))))) (Mk (Bool true)) :when ((< (* n1 d2) (* n2 d1))) :ruleset evaluation)
(rewrite (Mk (@< (Args (Mk (Real n1 d1)) (Args (Mk (Real n2 d2)) (Empty ))))) (Mk (Bool false)) :when ((>= (* n1 d2) (* n2 d1))) :ruleset evaluation)
(rewrite (Mk (@<= (Args (Mk (Num x)) (Args (Mk (Num y)) (Empty ))))) (Mk (Bool true)) :when ((<= x y)) :ruleset evaluation)
(rewrite (Mk (@<= (Args (Mk (Num x)) (Args (Mk (Num y)) (Empty ))))) (Mk (Bool false)) :when ((> x y)) :ruleset evaluation)
(rewrite (Mk (@<= (Args (Mk (Real n1 d1)) (Args (Mk (Real n2 d2)) (Empty ))))) (Mk (Bool true)) :when ((<= (* n1 d2) (* n2 d1))) :ruleset evaluation)
(rewrite (Mk (@<= (Args (Mk (Real n1 d1)) (Args (Mk (Real n2 d2)) (Empty ))))) (Mk (Bool false)) :when ((> (* n1 d2) (* n2 d1))) :ruleset evaluation)
(rewrite (Mk (@> (Args (Mk (Num x)) (Args (Mk (Num y)) (Empty ))))) (Mk (Bool true)) :when ((> x y)) :ruleset evaluation)
(rewrite (Mk (@> (Args (Mk (Num x)) (Args (Mk (Num y)) (Empty ))))) (Mk (Bool false)) :when ((<= x y)) :ruleset evaluation)
(rewrite (Mk (@> (Args (Mk (Real n1 d1)) (Args (Mk (Real n2 d2)) (Empty ))))) (Mk (Bool true)) :when ((> (* n1 d2) (* n2 d1))) :ruleset evaluation)
(rewrite (Mk (@> (Args (Mk (Real n1 d1)) (Args (Mk (Real n2 d2)) (Empty ))))) (Mk (Bool false)) :when ((<= (* n1 d2) (* n2 d1))) :ruleset evaluation)
(rewrite (Mk (@>= (Args (Mk (Num x)) (Args (Mk (Num y)) (Empty ))))) (Mk (Bool true)) :when ((>= x y)) :ruleset evaluation)
(rewrite (Mk (@>= (Args (Mk (Num x)) (Args (Mk (Num y)) (Empty ))))) (Mk (Bool false)) :when ((< x y)) :ruleset evaluation)
(rewrite (Mk (@>= (Args (Mk (Real n1 d1)) (Args (Mk (Real n2 d2)) (Empty ))))) (Mk (Bool true)) :when ((>= (* n1 d2) (* n2 d1))) :ruleset evaluation)
(rewrite (Mk (@>= (Args (Mk (Real n1 d1)) (Args (Mk (Real n2 d2)) (Empty ))))) (Mk (Bool false)) :when ((< (* n1 d2) (* n2 d1))) :ruleset evaluation)
(rewrite (Mk (@+ (Args (Mk (Num x)) (Args (Mk (Num y)) (Empty ))))) (Mk (Num (+ x y))) :ruleset evaluation)
(rewrite (Mk (@+ (Args (Mk (Real n1 d1)) (Args (Mk (Real n2 d2)) (Empty ))))) (Mk (Real (+ (* n1 d2) (* n2 d1)) (* d1 d2))) :ruleset evaluation)
(rewrite (Mk (@- (Args (Mk (Num x)) (Args (Mk (Num y)) (Empty ))))) (Mk (Num (- x y))) :ruleset evaluation)
(rewrite (Mk (@- (Args (Mk (Real n1 d1)) (Args (Mk (Real n2 d2)) (Empty ))))) (Mk (Real (- (* n1 d2) (* n2 d1)) (* d1 d2))) :ruleset evaluation)
(rewrite (Mk (@- (Args (Mk (Num x)) (Empty )))) (Mk (Num (- 0 x))) :ruleset evaluation)
(rewrite (Mk (@- (Args (Mk (Real n d)) (Empty )))) (Mk (Real (- 0 n) d)) :ruleset evaluation)
(rewrite (Mk (@* (Args (Mk (Num x)) (Args (Mk (Num y)) (Empty ))))) (Mk (Num (* x y))) :ruleset evaluation)
(rewrite (Mk (@* (Args (Mk (Real n1 d1)) (Args (Mk (Real n2 d2)) (Empty ))))) (Mk (Real (* n1 n2) (* d1 d2))) :ruleset evaluation)
(rewrite (Mk (@/ (Args (Mk (Num x)) (Args (Mk (Num y)) (Empty ))))) (Mk (Real x y)) :when ((!= y 0)) :ruleset evaluation)
(rewrite (Mk (@/ (Args (Mk (Real n1 d1)) (Args (Mk (Real n2 d2)) (Empty ))))) (Mk (Real (* n1 d2) (* d1 n2))) :when ((!= n2 0)) :ruleset evaluation)
(rewrite (Mk (@/_total (Args (Mk (Num x)) (Args (Mk (Num y)) (Empty ))))) (Mk (Real 0 1)) :when ((= y 0)) :ruleset evaluation)
(rewrite (Mk (@/_total (Args (Mk (Num x)) (Args (Mk (Num y)) (Empty ))))) (Mk (Real x y)) :when ((!= y 0)) :ruleset evaluation)
(rewrite (Mk (@/_total (Args (Mk (Real n1 d1)) (Args (Mk (Real n2 d2)) (Empty ))))) (Mk (Real 0 1)) :when ((= n2 0)) :ruleset evaluation)
(rewrite (Mk (@/_total (Args (Mk (Real n1 d1)) (Args (Mk (Real n2 d2)) (Empty ))))) (Mk (Real (* n1 d2) (* d1 n2))) :when ((!= n2 0)) :ruleset evaluation)
(constructor @div (Term) Term)
(rewrite (Mk (@div (Args (Mk (Num x)) (Args (Mk (Num y)) (Empty ))))) (Mk (Num (/ x y))) :when ((!= y 0)) :ruleset evaluation)
(constructor @mod (Term) Term)
(rewrite (Mk (@mod (Args (Mk (Num x)) (Args (Mk (Num y)) (Empty ))))) (Mk (Num (% x y))) :when ((!= y 0)) :ruleset evaluation)
(rewrite (Mk (@to_real (Args (Mk (Num x)) (Empty )))) (Mk (Real x 1)) :ruleset evaluation)
(rewrite (Mk (@to_real (Args (Mk (Real n d)) (Empty )))) (Mk (Real n d)) :ruleset evaluation)
(rewrite (Mk (@to_int (Args (Mk (Num x)) (Empty )))) (Mk (Num x)) :ruleset evaluation)
(rewrite (Mk (@to_int (Args (Mk (Real n d)) (Empty )))) (Mk (Num (/ n d))) :ruleset evaluation)
(constructor @is_int (Term) Term)
(rewrite (Mk (@is_int (Args (Mk (Num x)) (Empty )))) (Mk (Bool true)) :ruleset evaluation)
(rewrite (Mk (@is_int (Args (Mk (Real n d)) (Empty )))) (Mk (Bool true)) :when ((= (% n d) 0)) :ruleset evaluation)
(rewrite (Mk (@is_int (Args (Mk (Real n d)) (Empty )))) (Mk (Bool false)) :when ((!= (% n d) 0)) :ruleset evaluation)
(rewrite (Mk (@abs (Args (Mk (Num x)) (Empty )))) (Mk (Num x)) :when ((>= x 0)) :ruleset evaluation)
(rewrite (Mk (@abs (Args (Mk (Num x)) (Empty )))) (Mk (Num (- 0 x))) :when ((< x 0)) :ruleset evaluation)
(rewrite (Mk (@abs (Args (Mk (Real n d)) (Empty )))) (Mk (Real n d)) :when ((>= n 0)) :ruleset evaluation)
(rewrite (Mk (@abs (Args (Mk (Real n d)) (Empty )))) (Mk (Real (- 0 n) d)) :when ((< n 0)) :ruleset evaluation)
(function to_formula (Term Term Term) Term :no-merge)
(relation to_formula_rel (Term Term Term))
(rule ((to_formula_rel (Empty ) k (Empty )))
      ((set (to_formula (Empty ) k (Empty )) (Empty )))
        :ruleset list-ruleset )
(rule ((= res (Args r rs))
       (to_formula_rel res y (Empty )))
      ((to_formula_rel rs r rs))
        :ruleset list-ruleset )
(rule ((= xs (Args x rxs))
       (to_formula_rel res y xs))
      ((to_formula_rel res y rxs))
        :ruleset list-ruleset )
(rule ((to_formula_rel res y (Args x rxs))
       (= (to_formula res y rxs) f))
      ((set (to_formula res y (Args x rxs)) (Args (Mk (@not (Args (Mk (@= (Args y (Args x (Empty ))))) (Empty )))) f)))
        :ruleset list-ruleset )
(rule ((to_formula_rel (Args r res) y (Empty ))
       (= (to_formula res r res) f))
      ((set (to_formula (Args r res) y (Empty )) f))
        :ruleset list-ruleset )
(rule ((Avaliable (Mk (@distinct (Args x xs))))
       (= (to_formula xs x xs) f))
      ((union (Mk (@and (Args f (Empty )))) (Mk (@distinct (Args x xs)))))
        :ruleset list-ruleset )
(rule ((Avaliable (Mk (@distinct (Args x xs)))))
      ((to_formula_rel xs x xs))
        :ruleset list-ruleset )
(rewrite (Mk (@> (Args (Mk t1) (Args (Mk s1) (Empty ))))) (Mk (@not (Args (Mk (@>= (Args (Mk s1) (Args (Mk t1) (Empty ))))) (Empty )))))
(rewrite (Mk (@< (Args (Mk t1) (Args (Mk s1) (Empty ))))) (Mk (@not (Args (Mk (@>= (Args (Mk t1) (Args (Mk s1) (Empty ))))) (Empty )))))
(rewrite (Mk (@> (Args (Mk t1) (Args (Mk s1) (Empty ))))) (Mk (@>= (Args (Mk t1) (Args (Mk (@+ (Args (Mk s1) (Args (Mk (Num 1)) (Empty ))))) (Empty ))))))
(rewrite (Mk (@< (Args (Mk t1) (Args (Mk s1) (Empty ))))) (Mk (@>= (Args (Mk s1) (Args (Mk (@+ (Args (Mk t1) (Args (Mk (Num 1)) (Empty ))))) (Empty ))))))
(rewrite (Mk (@<= (Args (Mk t1) (Args (Mk s1) (Empty ))))) (Mk (@>= (Args (Mk s1) (Args (Mk t1) (Empty ))))))
(rewrite (Mk (@<= (Args (Mk t1) (Args (Mk s1) (Empty ))))) (Mk (@not (Args (Mk (@>= (Args (Mk t1) (Args (Mk (@+ (Args (Mk s1) (Args (Mk (Num 1)) (Empty ))))) (Empty ))))) (Empty )))))
(rewrite (Mk (@not (Args (Mk (@>= (Args (Mk t1) (Args (Mk s1) (Empty ))))) (Empty )))) (Mk (@>= (Args (Mk s1) (Args (Mk (@+ (Args (Mk t1) (Args (Mk (Num 1)) (Empty ))))) (Empty ))))))
(rewrite (Mk (@>= (Args (Mk t1) (Args (Mk s1) (Empty ))))) (Mk (@>= (Args (Mk (@- (Args (Mk t1) (Args (Mk s1) (Empty ))))) (Args (Mk (Num 0)) (Empty ))))))
(rewrite (Mk (@>= (Args (Mk t1) (Args (Mk s1) (Empty ))))) (Mk (@>= (Args (Mk (@- (Args (Mk t1) (Args (Mk s1) (Empty ))))) (Args (Mk (Real 0 1)) (Empty ))))))
(rewrite (Mk (@= (Args (Mk t1) (Args (Mk s1) (Empty ))))) (Mk (@and (Args (Mk (@>= (Args (Mk t1) (Args (Mk s1) (Empty ))))) (Args (Mk (@<= (Args (Mk t1) (Args (Mk s1) (Empty ))))) (Empty ))))))
(rewrite (Mk (@to_int (Args (Mk (@to_real (Args (Mk x1) (Empty )))) (Empty )))) (Mk (@to_int (Args (Mk x1) (Empty )))))
(rewrite (Mk (@/ (Args (Mk (@to_real (Args (Mk x1) (Empty )))) (Args (Mk y1) (Empty ))))) (Mk (@/ (Args (Mk x1) (Args (Mk y1) (Empty ))))))
(rewrite (Mk (@/ (Args (Mk x1) (Args (Mk (@to_real (Args (Mk y1) (Empty )))) (Empty ))))) (Mk (@/ (Args (Mk x1) (Args (Mk y1) (Empty ))))))
(rule ((Avaliable c1))
      ((Mk (@= (Args (Mk (@to_real (Args (Mk (@to_int (Args c1 (Empty )))) (Empty )))) (Args c1 (Empty ))))))
         )
(rule ()
      ((Mk (Bool false)))
         )
(rewrite (Mk (@= (Args (Mk (@to_real (Args (Mk t1) (Empty )))) (Args (Mk c1) (Empty ))))) (Mk (Bool false)) :when ((= (Mk (@= (Args (Mk (@to_real (Args (Mk (@to_int (Args (Mk c1) (Empty )))) (Empty )))) (Args (Mk c1) (Empty ))))) (Mk (Bool false)))))
(rule ((Avaliable c1))
      ((Mk (@+ (Args (Mk (@to_int (Args c1 (Empty )))) (Args (Mk (Num 1)) (Empty ))))))
         )
(rewrite (Mk (@>= (Args (Mk (@to_real (Args (Mk t1) (Empty )))) (Args (Mk c1) (Empty ))))) (Mk (@>= (Args (Mk t1) (Args (Mk cc1) (Empty ))))) :when ((= (Mk (@= (Args (Mk (@to_real (Args (Mk (@to_int (Args (Mk c1) (Empty )))) (Empty )))) (Args (Mk c1) (Empty ))))) (Mk (Bool false))) (= (Mk cc1) (Mk (@+ (Args (Mk (@to_int (Args (Mk c1) (Empty )))) (Args (Mk (Num 1)) (Empty ))))))))
(rewrite (Mk (@= (Args (Mk (@abs (Args (Mk x1) (Empty )))) (Args (Mk (@abs (Args (Mk y1) (Empty )))) (Empty ))))) (Mk (@or (Args (Mk (@= (Args (Mk x1) (Args (Mk y1) (Empty ))))) (Args (Mk (@= (Args (Mk x1) (Args (Mk (@- (Args (Mk y1) (Empty )))) (Empty ))))) (Empty ))))))
(rewrite (Mk (@> (Args (Mk (@abs (Args (Mk x1) (Empty )))) (Args (Mk (@abs (Args (Mk y1) (Empty )))) (Empty ))))) (Mk (@ite (Args (Mk (@>= (Args (Mk x1) (Args (Mk (Num 0)) (Empty ))))) (Args (Mk (@ite (Args (Mk (@>= (Args (Mk y1) (Args (Mk (Num 0)) (Empty ))))) (Args (Mk (@> (Args (Mk x1) (Args (Mk y1) (Empty ))))) (Args (Mk (@> (Args (Mk x1) (Args (Mk (@- (Args (Mk y1) (Empty )))) (Empty ))))) (Empty )))))) (Args (Mk (@ite (Args (Mk (@>= (Args (Mk y1) (Args (Mk (Num 0)) (Empty ))))) (Args (Mk (@> (Args (Mk (@- (Args (Mk x1) (Empty )))) (Args (Mk y1) (Empty ))))) (Args (Mk (@> (Args (Mk (@- (Args (Mk x1) (Empty )))) (Args (Mk (@- (Args (Mk y1) (Empty )))) (Empty ))))) (Empty )))))) (Empty )))))))
(rewrite (Mk (@> (Args (Mk (@abs (Args (Mk x1) (Empty )))) (Args (Mk (@abs (Args (Mk y1) (Empty )))) (Empty ))))) (Mk (@ite (Args (Mk (@>= (Args (Mk x1) (Args (Mk (Real 0 1)) (Empty ))))) (Args (Mk (@ite (Args (Mk (@>= (Args (Mk y1) (Args (Mk (Real 0 1)) (Empty ))))) (Args (Mk (@> (Args (Mk x1) (Args (Mk y1) (Empty ))))) (Args (Mk (@> (Args (Mk x1) (Args (Mk (@- (Args (Mk y1) (Empty )))) (Empty ))))) (Empty )))))) (Args (Mk (@ite (Args (Mk (@>= (Args (Mk y1) (Args (Mk (Real 0 1)) (Empty ))))) (Args (Mk (@> (Args (Mk (@- (Args (Mk x1) (Empty )))) (Args (Mk y1) (Empty ))))) (Args (Mk (@> (Args (Mk (@- (Args (Mk x1) (Empty )))) (Args (Mk (@- (Args (Mk y1) (Empty )))) (Empty ))))) (Empty )))))) (Empty )))))))
(rewrite (Mk (@>= (Args (Mk (@ite (Args (Mk C1) (Args (Mk t1) (Args (Mk s1) (Empty )))))) (Args (Mk r1) (Empty ))))) (Mk (@ite (Args (Mk C1) (Args (Mk (@>= (Args (Mk t1) (Args (Mk r1) (Empty ))))) (Args (Mk (@>= (Args (Mk s1) (Args (Mk r1) (Empty ))))) (Empty )))))))
(rewrite (Mk (@<= (Args (Mk (@ite (Args (Mk C1) (Args (Mk t1) (Args (Mk s1) (Empty )))))) (Args (Mk r1) (Empty ))))) (Mk (@ite (Args (Mk C1) (Args (Mk (@<= (Args (Mk t1) (Args (Mk r1) (Empty ))))) (Args (Mk (@<= (Args (Mk s1) (Args (Mk r1) (Empty ))))) (Empty )))))))
(rewrite (Mk (@<= (Args (Mk (@ite (Args (Mk (@< (Args (Mk t1) (Args (Mk s1) (Empty ))))) (Args (Mk t1) (Args (Mk s1) (Empty )))))) (Args (Mk t1) (Empty ))))) (Mk (Bool true)))
(rewrite (Mk (@<= (Args (Mk (@ite (Args (Mk (@< (Args (Mk t1) (Args (Mk s1) (Empty ))))) (Args (Mk t1) (Args (Mk s1) (Empty )))))) (Args (Mk s1) (Empty ))))) (Mk (Bool true)))
(rewrite (Mk (@>= (Args (Mk (@ite (Args (Mk (@>= (Args (Mk t1) (Args (Mk s1) (Empty ))))) (Args (Mk t1) (Args (Mk s1) (Empty )))))) (Args (Mk t1) (Empty ))))) (Mk (Bool true)))
(rewrite (Mk (@>= (Args (Mk (@ite (Args (Mk (@>= (Args (Mk t1) (Args (Mk s1) (Empty ))))) (Args (Mk t1) (Args (Mk s1) (Empty )))))) (Args (Mk s1) (Empty ))))) (Mk (Bool true)))
(rewrite (Mk (@select (Args (Mk (@store (Args (Mk t1) (Args (Mk i1) (Args (Mk e1) (Empty )))))) (Args (Mk i1) (Empty ))))) (Mk e1))
(rule ((Avaliable i1)
       (Avaliable j1))
      ((Mk (@= (Args i1 (Args j1 (Empty ))))))
         )
(rewrite (Mk (@select (Args (Mk (@store (Args (Mk t1) (Args (Mk i1) (Args (Mk e1) (Empty )))))) (Args (Mk j1) (Empty ))))) (Mk (@select (Args (Mk t1) (Args (Mk j1) (Empty ))))) :when ((= (Mk (@= (Args (Mk i1) (Args (Mk j1) (Empty ))))) (Mk (Bool false)))))
(rewrite (Mk (@store (Args (Mk (@store (Args (Mk t1) (Args (Mk i1) (Args (Mk e1) (Empty )))))) (Args (Mk i1) (Args (Mk f1) (Empty )))))) (Mk (@store (Args (Mk t1) (Args (Mk i1) (Args (Mk f1) (Empty )))))))
(rewrite (Mk (@store (Args (Mk t1) (Args (Mk i1) (Args (Mk (@select (Args (Mk t1) (Args (Mk i1) (Empty ))))) (Empty )))))) (Mk t1))
(rewrite (Mk (@select (Args (Mk (@store (Args (Mk t1) (Args (Mk j1) (Args (Mk e1) (Empty )))))) (Args (Mk i1) (Empty ))))) (Mk (@ite (Args (Mk (@= (Args (Mk i1) (Args (Mk j1) (Empty ))))) (Args (Mk e1) (Args (Mk (@select (Args (Mk t1) (Args (Mk i1) (Empty ))))) (Empty )))))))
(rewrite (Mk (@store (Args (Mk (@store (Args (Mk t1) (Args (Mk i1) (Args (Mk e1) (Empty )))))) (Args (Mk j1) (Args (Mk f1) (Empty )))))) (Mk (@store (Args (Mk (@store (Args (Mk t1) (Args (Mk j1) (Args (Mk f1) (Empty )))))) (Args (Mk i1) (Args (Mk e1) (Empty )))))) :when ((= (Mk (@= (Args (Mk i1) (Args (Mk j1) (Empty ))))) (Mk (Bool false)))))
(rewrite (Mk (@not (Args (Mk (@not (Args (Mk t1) (Empty )))) (Empty )))) (Mk t1))
(rewrite (Mk (@not (Args (Mk t1) (Empty )))) (Mk (Bool true)) :when ((= (Mk t1) (Mk (Bool false)))))
(rule ()
      ((Mk (Bool true)))
         )
(rewrite (Mk (@not (Args (Mk t1) (Empty )))) (Mk (Bool false)) :when ((= (Mk t1) (Mk (Bool true)))))
(rewrite (Mk (@= (Args (Mk t1) (Args (Mk (Bool true)) (Empty ))))) (Mk t1))
(rewrite (Mk (@= (Args (Mk t1) (Args (Mk (Bool false)) (Empty ))))) (Mk (@not (Args (Mk t1) (Empty )))))
(rewrite (Mk (@= (Args (Mk x1) (Args (Mk (@not (Args (Mk x1) (Empty )))) (Empty ))))) (Mk (Bool false)))
(rewrite (Mk (@=> (Args (Mk t1) (Args (Mk (Bool false)) (Empty ))))) (Mk (@not (Args (Mk t1) (Empty )))))
(rewrite (Mk (@=> (Args (Mk (Bool false)) (Args (Mk t1) (Empty ))))) (Mk (Bool true)))
(rewrite (Mk (@=> (Args (Mk t1) (Args (Mk (Bool true)) (Empty ))))) (Mk (Bool true)))
(rewrite (Mk (@=> (Args (Mk (Bool true)) (Args (Mk t1) (Empty ))))) (Mk t1))
(rewrite (Mk (@=> (Args (Mk t1) (Args (Mk s1) (Empty ))))) (Mk (@or (Args (Mk (@not (Args (Mk t1) (Empty )))) (Args (Mk s1) (Empty ))))))
(rewrite (Mk (@and (Args (Mk (@=> (Args (Mk t1) (Args (Mk s1) (Empty ))))) (Args (Mk (@=> (Args (Mk s1) (Args (Mk t1) (Empty ))))) (Empty ))))) (Mk (@= (Args (Mk t1) (Args (Mk s1) (Empty ))))))
(rewrite (Mk (@and (Args xs1 (Args (Mk w1) (Args ys1 (Args (Mk (@not (Args (Mk w1) (Empty )))) (Args zs1 (Empty )))))))) (Mk (Bool false)))
(rewrite (Mk (@and (Args xs1 (Args (Mk (@not (Args (Mk w1) (Empty )))) (Args ys1 (Args (Mk w1) (Args zs1 (Empty )))))))) (Mk (Bool false)))
(rewrite (Mk (@or (Args xs1 (Args (Mk w1) (Args ys1 (Args (Mk (@not (Args (Mk w1) (Empty )))) (Args zs1 (Empty )))))))) (Mk (Bool true)))
(rewrite (Mk (@or (Args xs1 (Args (Mk (@not (Args (Mk w1) (Empty )))) (Args ys1 (Args (Mk w1) (Args zs1 (Empty )))))))) (Mk (Bool true)))
(rewrite (Mk (@not (Args (Mk (@=> (Args (Mk x1) (Args (Mk y1) (Empty ))))) (Empty )))) (Mk (@and (Args (Mk x1) (Args (Mk (@not (Args (Mk y1) (Empty )))) (Empty ))))))
(rewrite (Mk (@xor (Args (Mk x1) (Args (Mk x1) (Empty ))))) (Mk (Bool false)))
(rewrite (Mk (@xor (Args (Mk x1) (Args (Mk (@not (Args (Mk x1) (Empty )))) (Empty ))))) (Mk (Bool true)))
(rewrite (Mk (@xor (Args (Mk x1) (Args (Mk (Bool false)) (Empty ))))) (Mk x1))
(rewrite (Mk (@xor (Args (Mk x1) (Args (Mk (Bool true)) (Empty ))))) (Mk (@not (Args (Mk x1) (Empty )))))
(rewrite (Mk (@xor (Args (Mk x1) (Args (Mk y1) (Empty ))))) (Mk (@xor (Args (Mk y1) (Args (Mk x1) (Empty ))))))
(rewrite (Mk (@xor (Args (Mk x1) (Args (Mk y1) (Empty ))))) (Mk (@= (Args (Mk (@not (Args (Mk x1) (Empty )))) (Args (Mk y1) (Empty ))))))
(rewrite (Mk (@not (Args (Mk (@xor (Args (Mk x1) (Args (Mk y1) (Empty ))))) (Empty )))) (Mk (@= (Args (Mk x1) (Args (Mk y1) (Empty ))))))
(rewrite (Mk (@not (Args (Mk (@= (Args (Mk x1) (Args (Mk y1) (Empty ))))) (Empty )))) (Mk (@= (Args (Mk (@not (Args (Mk x1) (Empty )))) (Args (Mk y1) (Empty ))))))
(rewrite (Mk (@not (Args (Mk (@= (Args (Mk x1) (Args (Mk y1) (Empty ))))) (Empty )))) (Mk (@= (Args (Mk x1) (Args (Mk (@not (Args (Mk y1) (Empty )))) (Empty ))))))
(rule ((Avaliable y1))
      ((Mk (@not (Args y1 (Empty )))))
         )
(rewrite (Mk (@ite (Args (Mk c1) (Args (Mk x1) (Args (Mk y1) (Empty )))))) (Mk (@= (Args (Mk c1) (Args (Mk x1) (Empty ))))) :when ((= (Mk (@not (Args (Mk y1) (Empty )))) (Mk x1))))
(rewrite (Mk (@ite (Args (Mk c1) (Args (Mk (Bool true)) (Args (Mk x1) (Empty )))))) (Mk (@or (Args (Mk c1) (Args (Mk x1) (Empty ))))))
(rewrite (Mk (@ite (Args (Mk c1) (Args (Mk x1) (Args (Mk (Bool false)) (Empty )))))) (Mk (@and (Args (Mk c1) (Args (Mk x1) (Empty ))))))
(rewrite (Mk (@ite (Args (Mk c1) (Args (Mk (Bool false)) (Args (Mk x1) (Empty )))))) (Mk (@and (Args (Mk (@not (Args (Mk c1) (Empty )))) (Args (Mk x1) (Empty ))))))
(rewrite (Mk (@ite (Args (Mk c1) (Args (Mk x1) (Args (Mk (Bool true)) (Empty )))))) (Mk (@or (Args (Mk (@not (Args (Mk c1) (Empty )))) (Args (Mk x1) (Empty ))))))
(rewrite (Mk (@ite (Args (Mk c1) (Args (Mk c1) (Args (Mk x1) (Empty )))))) (Mk (@ite (Args (Mk c1) (Args (Mk (Bool true)) (Args (Mk x1) (Empty )))))))
(rewrite (Mk (@ite (Args (Mk c1) (Args (Mk x1) (Args (Mk c1) (Empty )))))) (Mk (@ite (Args (Mk c1) (Args (Mk x1) (Args (Mk (Bool false)) (Empty )))))))
(rewrite (Mk (@ite (Args (Mk c1) (Args (Mk (@not (Args (Mk c1) (Empty )))) (Args (Mk x1) (Empty )))))) (Mk (@ite (Args (Mk c1) (Args (Mk (Bool false)) (Args (Mk x1) (Empty )))))))
(rewrite (Mk (@ite (Args (Mk c1) (Args (Mk x1) (Args (Mk (@not (Args (Mk c1) (Empty )))) (Empty )))))) (Mk (@ite (Args (Mk c1) (Args (Mk x1) (Args (Mk (Bool true)) (Empty )))))))
(rewrite (Mk (@ite (Args (Mk c1) (Args (Mk x1) (Args (Mk y1) (Empty )))))) (Mk (@and (Args (Mk (@or (Args (Mk (@not (Args (Mk c1) (Empty )))) (Args (Mk x1) (Empty ))))) (Args (Mk (@or (Args (Mk c1) (Args (Mk y1) (Empty ))))) (Empty ))))))
(rewrite (Mk (@not (Args (Mk (@ite (Args (Mk c1) (Args (Mk x1) (Args (Mk y1) (Empty )))))) (Empty )))) (Mk (@ite (Args (Mk c1) (Args (Mk (@not (Args (Mk x1) (Empty )))) (Args (Mk (@not (Args (Mk y1) (Empty )))) (Empty )))))))
(rewrite (Mk (@ite (Args (Mk (Bool true)) (Args (Mk x1) (Args (Mk y1) (Empty )))))) (Mk x1))
(rewrite (Mk (@ite (Args (Mk (Bool false)) (Args (Mk x1) (Args (Mk y1) (Empty )))))) (Mk y1))
(rewrite (Mk (@ite (Args (Mk (@not (Args (Mk c1) (Empty )))) (Args (Mk x1) (Args (Mk y1) (Empty )))))) (Mk (@ite (Args (Mk c1) (Args (Mk y1) (Args (Mk x1) (Empty )))))))
(rewrite (Mk (@ite (Args (Mk c1) (Args (Mk x1) (Args (Mk x1) (Empty )))))) (Mk x1))
(rewrite (Mk (@ite (Args (Mk c1) (Args (Mk (@ite (Args (Mk c1) (Args (Mk x1) (Args (Mk y1) (Empty )))))) (Args (Mk z1) (Empty )))))) (Mk (@ite (Args (Mk c1) (Args (Mk x1) (Args (Mk z1) (Empty )))))))
(rewrite (Mk (@ite (Args (Mk c1) (Args (Mk x1) (Args (Mk (@ite (Args (Mk c1) (Args (Mk y1) (Args (Mk z1) (Empty )))))) (Empty )))))) (Mk (@ite (Args (Mk c1) (Args (Mk x1) (Args (Mk z1) (Empty )))))))
(rewrite (Mk (@ite (Args (Mk c1) (Args (Mk (@ite (Args (Mk (@not (Args (Mk c1) (Empty )))) (Args (Mk x1) (Args (Mk y1) (Empty )))))) (Args (Mk z1) (Empty )))))) (Mk (@ite (Args (Mk c1) (Args (Mk y1) (Args (Mk z1) (Empty )))))))
(rewrite (Mk (@ite (Args (Mk c1) (Args (Mk x1) (Args (Mk (@ite (Args (Mk (@not (Args (Mk c1) (Empty )))) (Args (Mk y1) (Args (Mk z1) (Empty )))))) (Empty )))))) (Mk (@ite (Args (Mk c1) (Args (Mk x1) (Args (Mk y1) (Empty )))))))
(rewrite (Mk (@bvnot (Args (Mk (@bvxor (Args (Mk x1) (Args (Mk x2) (Args xs1 (Empty )))))) (Empty )))) (Mk (@bvxor (Args (Mk (@bvnot (Args (Mk x1) (Empty )))) (Args (Mk x2) (Args xs1 (Empty )))))))
(rule ((Avaliable x1))
      ((Mk (@@bvsize (Args x1 (Empty )))))
         )
(rewrite (Mk (@bvand (Args xs1 (Args (Mk (@bvnot (Args (Mk x1) (Empty )))) (Args ys1 (Args (Mk x1) (Args zs1 (Empty )))))))) (Mk (@@bv (Args (Mk (Num 0)) (Args (Mk w1) (Empty ))))) :when ((= (Mk w1) (Mk (@@bvsize (Args (Mk x1) (Empty )))))))
(rewrite (Mk (@bvand (Args xs1 (Args (Mk x1) (Args ys1 (Args (Mk (@bvnot (Args (Mk x1) (Empty )))) (Args zs1 (Empty )))))))) (Mk (@@bv (Args (Mk (Num 0)) (Args (Mk w1) (Empty ))))) :when ((= (Mk w1) (Mk (@@bvsize (Args (Mk x1) (Empty )))))))
(rewrite (Mk (@bvor (Args xs1 (Args (Mk (@bvnot (Args (Mk x1) (Empty )))) (Args ys1 (Args (Mk x1) (Args zs1 (Empty )))))))) (Mk (@bvnot (Args (Mk (@@bv (Args (Mk (Num 0)) (Args (Mk w1) (Empty ))))) (Empty )))) :when ((= (Mk w1) (Mk (@@bvsize (Args (Mk x1) (Empty )))))))
(rewrite (Mk (@bvor (Args xs1 (Args (Mk x1) (Args ys1 (Args (Mk (@bvnot (Args (Mk x1) (Empty )))) (Args zs1 (Empty )))))))) (Mk (@bvnot (Args (Mk (@@bv (Args (Mk (Num 0)) (Args (Mk w1) (Empty ))))) (Empty )))) :when ((= (Mk w1) (Mk (@@bvsize (Args (Mk x1) (Empty )))))))
(rewrite (Mk (@bvxor (Args (Mk x1) (Args (Mk y1) (Empty ))))) (Mk (@bvxor (Args (Mk y1) (Args (Mk x1) (Empty ))))))
(rewrite (Mk (@bvcomp (Args (Mk x1) (Args (Mk y1) (Empty ))))) (Mk (@bvcomp (Args (Mk y1) (Args (Mk x1) (Empty ))))))
(rule ((Avaliable x1))
      ((Mk (@> (Args (Mk (@@bvsize (Args x1 (Empty )))) (Args (Mk (Num 0)) (Empty ))))))
         )
(rewrite (Mk (@= (Args (Mk x1) (Args (Mk (@bvnot (Args (Mk x1) (Empty )))) (Empty ))))) (Mk (Bool false)) :when ((= (Mk (@> (Args (Mk (@@bvsize (Args (Mk x1) (Empty )))) (Args (Mk (Num 0)) (Empty ))))) (Mk (Bool true)))))
(rewrite (Mk (@bvadd (Args (Mk x1) (Args (Mk y1) (Empty ))))) (Mk (@bvadd (Args (Mk y1) (Args (Mk x1) (Empty ))))))
(rewrite (Mk (@bvsub (Args (Mk x1) (Args (Mk y1) (Empty ))))) (Mk (@bvadd (Args (Mk x1) (Args (Mk (@bvneg (Args (Mk y1) (Empty )))) (Empty ))))))
(rewrite (Mk (@ite (Args (Mk (@= (Args (Mk x1) (Args (Mk (@@bv (Args (Mk (Num 1)) (Args (Mk (Num 1)) (Empty ))))) (Empty ))))) (Args (Mk (@@bv (Args (Mk (Num 1)) (Args (Mk (Num 1)) (Empty ))))) (Args (Mk (@@bv (Args (Mk (Num 0)) (Args (Mk (Num 1)) (Empty ))))) (Empty )))))) (Mk x1))
(rewrite (Mk (@ite (Args (Mk (@= (Args (Mk x1) (Args (Mk (@@bv (Args (Mk (Num 0)) (Args (Mk (Num 1)) (Empty ))))) (Empty ))))) (Args (Mk (@@bv (Args (Mk (Num 1)) (Args (Mk (Num 1)) (Empty ))))) (Args (Mk (@@bv (Args (Mk (Num 0)) (Args (Mk (Num 1)) (Empty ))))) (Empty )))))) (Mk (@bvnot (Args (Mk x1) (Empty )))))
(rewrite (Mk (@= (Args (Mk (@= (Args (Mk (@bvxor (Args (Mk x1) (Args (Mk y1) (Empty ))))) (Args (Mk z1) (Empty ))))) (Args (Mk (@= (Args (Mk x1) (Args (Mk (@bvxor (Args (Mk z1) (Args (Mk y1) (Empty ))))) (Empty ))))) (Empty ))))) (Mk (Bool true)))
(rewrite (Mk (@= (Args (Mk (@= (Args (Mk (@bvnot (Args (Mk x1) (Empty )))) (Args (Mk y1) (Empty ))))) (Args (Mk (@= (Args (Mk x1) (Args (Mk (@bvnot (Args (Mk y1) (Empty )))) (Empty ))))) (Empty ))))) (Mk (Bool true)))
(rewrite (Mk (@bvugt (Args (Mk x1) (Args (Mk y1) (Empty ))))) (Mk (@bvult (Args (Mk y1) (Args (Mk x1) (Empty ))))))
(rewrite (Mk (@bvuge (Args (Mk x1) (Args (Mk y1) (Empty ))))) (Mk (@bvule (Args (Mk y1) (Args (Mk x1) (Empty ))))))
(rewrite (Mk (@bvsgt (Args (Mk x1) (Args (Mk y1) (Empty ))))) (Mk (@bvslt (Args (Mk y1) (Args (Mk x1) (Empty ))))))
(rewrite (Mk (@bvsge (Args (Mk x1) (Args (Mk y1) (Empty ))))) (Mk (@bvsle (Args (Mk y1) (Args (Mk x1) (Empty ))))))
(rewrite (Mk (@bvsle (Args (Mk x1) (Args (Mk y1) (Empty ))))) (Mk (@not (Args (Mk (@bvslt (Args (Mk y1) (Args (Mk x1) (Empty ))))) (Empty )))))
(rewrite (Mk (@bvule (Args (Mk x1) (Args (Mk y1) (Empty ))))) (Mk (@not (Args (Mk (@bvult (Args (Mk y1) (Args (Mk x1) (Empty ))))) (Empty )))))
(rewrite (Mk (@bvcomp (Args (Mk x1) (Args (Mk y1) (Empty ))))) (Mk (@ite (Args (Mk (@= (Args (Mk x1) (Args (Mk y1) (Empty ))))) (Args (Mk (@@bv (Args (Mk (Num 1)) (Args (Mk (Num 1)) (Empty ))))) (Args (Mk (@@bv (Args (Mk (Num 0)) (Args (Mk (Num 1)) (Empty ))))) (Empty )))))))
(rewrite (Mk (@bvnand (Args (Mk x1) (Args (Mk y1) (Empty ))))) (Mk (@bvnot (Args (Mk (@bvand (Args (Mk x1) (Args (Mk y1) (Empty ))))) (Empty )))))
(rewrite (Mk (@bvnor (Args (Mk x1) (Args (Mk y1) (Empty ))))) (Mk (@bvnot (Args (Mk (@bvor (Args (Mk x1) (Args (Mk y1) (Empty ))))) (Empty )))))
(rewrite (Mk (@bvxnor (Args (Mk x1) (Args (Mk y1) (Empty ))))) (Mk (@bvnot (Args (Mk (@bvxor (Args (Mk x1) (Args (Mk y1) (Empty ))))) (Empty )))))
(rewrite (Mk (@bvshl (Args (Mk x1) (Args (Mk (@@bv (Args (Mk (Num 0)) (Args (Mk sz1) (Empty ))))) (Empty ))))) (Mk x1))
(rule ((Avaliable amount1)
       (Avaliable x1))
      ((Mk (@>= (Args amount1 (Args (Mk (@@bvsize (Args x1 (Empty )))) (Empty ))))))
         )
(rewrite (Mk (@bvshl (Args (Mk x1) (Args (Mk (@@bv (Args (Mk amount1) (Args (Mk sz1) (Empty ))))) (Empty ))))) (Mk (@@bv (Args (Mk (Num 0)) (Args (Mk w1) (Empty ))))) :when ((= (Mk (@>= (Args (Mk amount1) (Args (Mk (@@bvsize (Args (Mk x1) (Empty )))) (Empty ))))) (Mk (Bool true))) (= (Mk w1) (Mk (@@bvsize (Args (Mk x1) (Empty )))))))
(rewrite (Mk (@bvlshr (Args (Mk x1) (Args (Mk (@@bv (Args (Mk (Num 0)) (Args (Mk sz1) (Empty ))))) (Empty ))))) (Mk x1))
(rewrite (Mk (@bvlshr (Args (Mk x1) (Args (Mk (@@bv (Args (Mk amount1) (Args (Mk sz1) (Empty ))))) (Empty ))))) (Mk (@@bv (Args (Mk (Num 0)) (Args (Mk sz1) (Empty ))))) :when ((= (Mk (@>= (Args (Mk amount1) (Args (Mk (@@bvsize (Args (Mk x1) (Empty )))) (Empty ))))) (Mk (Bool true)))))
(rewrite (Mk (@bvashr (Args (Mk x1) (Args (Mk (@@bv (Args (Mk (Num 0)) (Args (Mk sz1) (Empty ))))) (Empty ))))) (Mk x1))
(rewrite (Mk (@bvxor (Args (Mk x1) (Args (Mk x1) (Empty ))))) (Mk (@@bv (Args (Mk (Num 0)) (Args (Mk w1) (Empty ))))) :when ((= (Mk w1) (Mk (@@bvsize (Args (Mk x1) (Empty )))))))
(rewrite (Mk (@bvxor (Args (Mk (@bvnot (Args (Mk x1) (Empty )))) (Args (Mk (@bvnot (Args (Mk y1) (Empty )))) (Empty ))))) (Mk (@bvxor (Args (Mk x1) (Args (Mk y1) (Empty ))))))
(rewrite (Mk (@bvnot (Args (Mk (@bvnot (Args (Mk x1) (Empty )))) (Empty )))) (Mk x1))
(rewrite (Mk (@bvult (Args (Mk (@@bv (Args (Mk (Num 0)) (Args (Mk n1) (Empty ))))) (Args (Mk x1) (Empty ))))) (Mk (@not (Args (Mk (@= (Args (Mk x1) (Args (Mk (@@bv (Args (Mk (Num 0)) (Args (Mk n1) (Empty ))))) (Empty ))))) (Empty )))))
(rewrite (Mk (@bvult (Args (Mk x1) (Args (Mk (@@bv (Args (Mk (Num 0)) (Args (Mk n1) (Empty ))))) (Empty ))))) (Mk (Bool false)))
(rewrite (Mk (@bvult (Args (Mk x1) (Args (Mk x1) (Empty ))))) (Mk (Bool false)))
(rewrite (Mk (@bvslt (Args (Mk x1) (Args (Mk x1) (Empty ))))) (Mk (Bool false)))
(rewrite (Mk (@bvule (Args (Mk x1) (Args (Mk x1) (Empty ))))) (Mk (Bool true)))
(rewrite (Mk (@bvule (Args (Mk x1) (Args (Mk (@@bv (Args (Mk (Num 0)) (Args (Mk n1) (Empty ))))) (Empty ))))) (Mk (@= (Args (Mk x1) (Args (Mk (@@bv (Args (Mk (Num 0)) (Args (Mk n1) (Empty ))))) (Empty ))))))
(rewrite (Mk (@bvule (Args (Mk (@@bv (Args (Mk (Num 0)) (Args (Mk n1) (Empty ))))) (Args (Mk x1) (Empty ))))) (Mk (Bool true)))
(rewrite (Mk (@bvsle (Args (Mk x1) (Args (Mk x1) (Empty ))))) (Mk (Bool true)))
(rewrite (Mk (@not (Args (Mk (@bvult (Args (Mk x1) (Args (Mk y1) (Empty ))))) (Empty )))) (Mk (@bvule (Args (Mk y1) (Args (Mk x1) (Empty ))))))
(rewrite (Mk (@bvudiv (Args (Mk x1) (Args (Mk (@@bv (Args (Mk (Num 0)) (Args (Mk n1) (Empty ))))) (Empty ))))) (Mk (@bvnot (Args (Mk (@@bv (Args (Mk (Num 0)) (Args (Mk n1) (Empty ))))) (Empty )))))
(rewrite (Mk (@bvudiv (Args (Mk x1) (Args (Mk (@@bv (Args (Mk (Num 1)) (Args (Mk n1) (Empty ))))) (Empty ))))) (Mk x1))
(rewrite (Mk (@bvurem (Args (Mk x1) (Args (Mk (@@bv (Args (Mk (Num 1)) (Args (Mk n1) (Empty ))))) (Empty ))))) (Mk (@@bv (Args (Mk (Num 0)) (Args (Mk n1) (Empty ))))))
(rewrite (Mk (@bvurem (Args (Mk x1) (Args (Mk x1) (Empty ))))) (Mk (@@bv (Args (Mk (Num 0)) (Args (Mk w1) (Empty ))))) :when ((= (Mk w1) (Mk (@@bvsize (Args (Mk x1) (Empty )))))))
(rewrite (Mk (@bvshl (Args (Mk (@@bv (Args (Mk (Num 0)) (Args (Mk n1) (Empty ))))) (Args (Mk a1) (Empty ))))) (Mk (@@bv (Args (Mk (Num 0)) (Args (Mk n1) (Empty ))))))
(rewrite (Mk (@bvlshr (Args (Mk (@@bv (Args (Mk (Num 0)) (Args (Mk n1) (Empty ))))) (Args (Mk a1) (Empty ))))) (Mk (@@bv (Args (Mk (Num 0)) (Args (Mk n1) (Empty ))))))
(rewrite (Mk (@bvashr (Args (Mk (@@bv (Args (Mk (Num 0)) (Args (Mk n1) (Empty ))))) (Args (Mk a1) (Empty ))))) (Mk (@@bv (Args (Mk (Num 0)) (Args (Mk n1) (Empty ))))))
(rule ((Avaliable y1))
      ((Mk (@@bvsize (Args y1 (Empty )))))
         )
(rewrite (Mk (@bvugt (Args (Mk (@bvurem (Args (Mk y1) (Args (Mk x1) (Empty ))))) (Args (Mk x1) (Empty ))))) (Mk (@and (Args (Mk (@= (Args (Mk x1) (Args (Mk (@@bv (Args (Mk (Num 0)) (Args (Mk w1) (Empty ))))) (Empty ))))) (Args (Mk (@bvugt (Args (Mk y1) (Args (Mk (@@bv (Args (Mk (Num 0)) (Args (Mk w1) (Empty ))))) (Empty ))))) (Empty ))))) :when ((= (Mk w1) (Mk (@@bvsize (Args (Mk y1) (Empty )))))))
(rewrite (Mk (@bvult (Args (Mk x1) (Args (Mk (@@bv (Args (Mk (Num 1)) (Args (Mk n1) (Empty ))))) (Empty ))))) (Mk (@= (Args (Mk x1) (Args (Mk (@@bv (Args (Mk (Num 0)) (Args (Mk n1) (Empty ))))) (Empty ))))))
(rule ((Avaliable x1)
       (Avaliable y1))
      ((Mk (@= (Args (Mk (@str.len (Args x1 (Empty )))) (Args (Mk (@str.len (Args y1 (Empty )))) (Empty ))))))
         )
(rewrite (Mk (@= (Args (Mk x1) (Args (Mk y1) (Empty ))))) (Mk (Bool false)) :when ((= (Mk (@= (Args (Mk (@str.len (Args (Mk x1) (Empty )))) (Args (Mk (@str.len (Args (Mk y1) (Empty )))) (Empty ))))) (Mk (Bool false)))))
(rewrite (Mk (@str.replace_re (Args (Mk t1) (Args (Mk (Op "re.none")) (Args (Mk r1) (Empty )))))) (Mk t1))
(rewrite (Mk (@str.replace_re_all (Args (Mk t1) (Args (Mk (Op "re.none")) (Args (Mk r1) (Empty )))))) (Mk t1))
(rule ((Avaliable s2))
      ((Mk (@str.to_int (Args s2 (Empty )))))
         )
(rule ()
      ((Mk (Num -1)))
         )
(rewrite (Mk (@str.to_int (Args (Mk (@str.++ (Args s1 (Args (Mk s2) (Args s3 (Empty )))))) (Empty )))) (Mk (Num -1)) :when ((= (Mk (@str.to_int (Args (Mk s2) (Empty )))) (Mk (Num -1)))))
(rewrite (Mk (@str.<= (Args (Mk (@String "")) (Args (Mk s1) (Empty ))))) (Mk (Bool true)))
(rewrite (Mk (@str.<= (Args (Mk s1) (Args (Mk (@String "")) (Empty ))))) (Mk (@= (Args (Mk s1) (Args (Mk (@String "")) (Empty ))))))
(rule ((Avaliable t1))
      ((Mk (@str.len (Args t1 (Empty )))))
         )
(rule ((Avaliable s2))
      ((Mk (@str.len (Args s2 (Empty )))))
         )
(rule ((Avaliable t1)
       (Avaliable s2))
      ((Mk (@str.<= (Args t1 (Args s2 (Empty ))))))
         )
(rewrite (Mk (@str.<= (Args (Mk (@str.++ (Args s1 (Args (Mk t1) (Args t2 (Empty )))))) (Args (Mk (@str.++ (Args s1 (Args (Mk s2) (Args s3 (Empty )))))) (Empty ))))) (Mk (Bool false)) :when ((= (Mk (@str.len (Args (Mk t1) (Empty )))) (Mk (@str.len (Args (Mk s2) (Empty ))))) (= (Mk (@str.<= (Args (Mk t1) (Args (Mk s2) (Empty ))))) (Mk (Bool false)))))
(rule ((Avaliable t1)
       (Avaliable s2))
      ((Mk (@= (Args t1 (Args s2 (Empty ))))))
         )
(rewrite (Mk (@str.<= (Args (Mk (@str.++ (Args s1 (Args (Mk t1) (Args t2 (Empty )))))) (Args (Mk (@str.++ (Args s1 (Args (Mk s2) (Args s3 (Empty )))))) (Empty ))))) (Mk (Bool true)) :when ((= (Mk (@str.len (Args (Mk t1) (Empty )))) (Mk (@str.len (Args (Mk s2) (Empty ))))) (= (Mk (@= (Args (Mk t1) (Args (Mk s2) (Empty ))))) (Mk (Bool false))) (= (Mk (@str.<= (Args (Mk t1) (Args (Mk s2) (Empty ))))) (Mk (Bool true)))))
(rule ((Avaliable s1))
      ((Mk (@str.len (Args s1 (Empty )))))
         )
(rule ((Avaliable t1)
       (Avaliable s1))
      ((Mk (@= (Args t1 (Args s1 (Empty ))))))
         )
(rewrite (Mk (@str.<= (Args (Mk (@str.++ (Args (Mk t1) (Args t2 (Empty ))))) (Args (Mk s1) (Empty ))))) (Mk (@str.<= (Args (Mk t1) (Args (Mk s1) (Empty ))))) :when ((= (Mk (@str.len (Args (Mk t1) (Empty )))) (Mk (@str.len (Args (Mk s1) (Empty ))))) (= (Mk (@= (Args (Mk t1) (Args (Mk s1) (Empty ))))) (Mk (Bool false)))))
(rewrite (Mk (@str.<= (Args (Mk t1) (Args (Mk (@str.++ (Args (Mk s1) (Args s2 (Empty ))))) (Empty ))))) (Mk (@str.<= (Args (Mk t1) (Args (Mk s1) (Empty ))))) :when ((= (Mk (@str.len (Args (Mk t1) (Empty )))) (Mk (@str.len (Args (Mk s1) (Empty ))))) (= (Mk (@= (Args (Mk t1) (Args (Mk s1) (Empty ))))) (Mk (Bool false)))))
(rewrite (Mk (@str.< (Args (Mk s1) (Args (Mk t1) (Empty ))))) (Mk (@and (Args (Mk (@not (Args (Mk (@= (Args (Mk s1) (Args (Mk t1) (Empty ))))) (Empty )))) (Args (Mk (@str.<= (Args (Mk s1) (Args (Mk t1) (Empty ))))) (Empty ))))))
(rule ((Avaliable s1))
      ((Mk (@= (Args s1 (Args (Mk (@String "")) (Empty ))))))
         )
(rule ((Avaliable s1))
      ((Mk (@str.to_int (Args s1 (Empty )))))
         )
(rewrite (Mk (@str.contains (Args (Mk (@str.from_int (Args (Mk n1) (Empty )))) (Args (Mk s1) (Empty ))))) (Mk (Bool false)) :when ((= (Mk (@= (Args (Mk s1) (Args (Mk (@String "")) (Empty ))))) (Mk (Bool false))) (= (Mk (@str.to_int (Args (Mk s1) (Empty )))) (Mk (Num -1)))))
(rewrite (Mk (@re.opt (Args (Mk x1) (Empty )))) (Mk (@re.union (Args (Mk (@str.to_re (Args (Mk (@String "")) (Empty )))) (Args (Mk x1) (Empty ))))))
(rewrite (Mk (@re.diff (Args (Mk x1) (Args (Mk y1) (Empty ))))) (Mk (@re.inter (Args (Mk x1) (Args (Mk (@re.comp (Args (Mk y1) (Empty )))) (Empty ))))))
(rewrite (Mk (@re.+ (Args (Mk x1) (Empty )))) (Mk (@re.++ (Args (Mk x1) (Args (Mk (@re.* (Args (Mk x1) (Empty )))) (Empty ))))))
(rewrite (Mk (@re.++ (Args xs1 (Args (Mk (@re.* (Args (Mk r1) (Empty )))) (Args (Mk r1) (Args ys1 (Empty ))))))) (Mk (@re.++ (Args xs1 (Args (Mk r1) (Args (Mk (@re.* (Args (Mk r1) (Empty )))) (Args ys1 (Empty ))))))))
(rewrite (Mk (@re.union (Args xs1 (Args (Mk (@re.* (Args (Mk (Op "re.allchar")) (Empty )))) (Args ys1 (Empty )))))) (Mk (@re.* (Args (Mk (Op "re.allchar")) (Empty )))))
(rule ((Avaliable s1)
       (Avaliable r1))
      ((Mk (@str.in_re (Args s1 (Args r1 (Empty ))))))
         )
(rewrite (Mk (@re.union (Args (Mk (@str.to_re (Args (Mk s1) (Empty )))) (Args (Mk r1) (Empty ))))) (Mk r1) :when ((= (Mk (@str.in_re (Args (Mk s1) (Args (Mk r1) (Empty ))))) (Mk (Bool true)))))
(rewrite (Mk (@re.* (Args (Mk (Op "re.none")) (Empty )))) (Mk (@str.to_re (Args (Mk (@String "")) (Empty )))))
(rewrite (Mk (@re.* (Args (Mk (@str.to_re (Args (Mk (@String "")) (Empty )))) (Empty )))) (Mk (@str.to_re (Args (Mk (@String "")) (Empty )))))
(rewrite (Mk (@re.* (Args (Mk (@re.* (Args (Mk x1) (Empty )))) (Empty )))) (Mk (@re.* (Args (Mk x1) (Empty )))))
(rewrite (Mk (@str.in_re (Args (Mk t1) (Args (Mk (Op "re.none")) (Empty ))))) (Mk (Bool false)))
(rewrite (Mk (@str.in_re (Args (Mk t1) (Args (Mk (Op "re.allchar")) (Empty ))))) (Mk (@= (Args (Mk (@str.len (Args (Mk t1) (Empty )))) (Args (Mk (Num 1)) (Empty ))))))
(rewrite (Mk (@str.in_re (Args (Mk t1) (Args (Mk (@re.* (Args (Mk (Op "re.allchar")) (Empty )))) (Empty ))))) (Mk (Bool true)))
(rewrite (Mk (@str.in_re (Args (Mk t1) (Args (Mk (@str.to_re (Args (Mk s1) (Empty )))) (Empty ))))) (Mk (@= (Args (Mk t1) (Args (Mk s1) (Empty ))))))
(rewrite (Mk (@str.in_re (Args (Mk t1) (Args (Mk (@re.comp (Args (Mk r1) (Empty )))) (Empty ))))) (Mk (@not (Args (Mk (@str.in_re (Args (Mk t1) (Args (Mk r1) (Empty ))))) (Empty )))))
(rule ((Avaliable c1))
      ((Mk (@str.len (Args c1 (Empty )))))
         )
(rule ()
      ((Mk (Num 1)))
         )
(rule ((Avaliable c2))
      ((Mk (@str.len (Args c2 (Empty )))))
         )
(rewrite (Mk (@str.in_re (Args (Mk s1) (Args (Mk (@re.range (Args (Mk c1) (Args (Mk c2) (Empty ))))) (Empty ))))) (Mk (@and (Args (Mk (@<= (Args (Mk (@str.to_code (Args (Mk c1) (Empty )))) (Args (Mk (@str.to_code (Args (Mk s1) (Empty )))) (Empty ))))) (Args (Mk (@<= (Args (Mk (@str.to_code (Args (Mk s1) (Empty )))) (Args (Mk (@str.to_code (Args (Mk c2) (Empty )))) (Empty ))))) (Empty ))))) :when ((= (Mk (@str.len (Args (Mk c1) (Empty )))) (Mk (Num 1))) (= (Mk (@str.len (Args (Mk c2) (Empty )))) (Mk (Num 1)))))
(rewrite (Mk (@str.in_re (Args (Mk t1) (Args (Mk (@re.++ (Args (Mk (@re.* (Args (Mk (Op "re.allchar")) (Empty )))) (Args (Mk (@str.to_re (Args (Mk s1) (Empty )))) (Args (Mk (@re.* (Args (Mk (Op "re.allchar")) (Empty )))) (Empty )))))) (Empty ))))) (Mk (@str.contains (Args (Mk t1) (Args (Mk s1) (Empty ))))))
(rule ((Avaliable n1))
      ((Mk (@>= (Args n1 (Args (Mk (Num 0)) (Empty ))))))
         )
(rewrite (Mk (@str.in_re (Args (Mk (@str.from_int (Args (Mk n1) (Empty )))) (Args (Mk (@re.++ (Args (Mk (@re.range (Args (Mk (@String "0")) (Args (Mk (@String "9")) (Empty ))))) (Args (Mk (@re.* (Args (Mk (@re.range (Args (Mk (@String "0")) (Args (Mk (@String "9")) (Empty ))))) (Empty )))) (Empty ))))) (Empty ))))) (Mk (Bool true)) :when ((= (Mk (@>= (Args (Mk n1) (Args (Mk (Num 0)) (Empty ))))) (Mk (Bool true)))))
(rewrite (Mk (@str.in_re (Args (Mk (@str.from_int (Args (Mk n1) (Empty )))) (Args (Mk (@re.* (Args (Mk (@re.range (Args (Mk (@String "0")) (Args (Mk (@String "9")) (Empty ))))) (Empty )))) (Empty ))))) (Mk (Bool true)))
(rewrite (Mk (@= (Args (Mk t1) (Args (Mk t1) (Empty ))))) (Mk (Bool true)))
(rewrite (Mk (@= (Args (Mk t1) (Args (Mk s1) (Empty ))))) (Mk (@= (Args (Mk s1) (Args (Mk t1) (Empty ))))))
(rule ((Avaliable s1)
       (Avaliable r1))
      ((Mk (@= (Args s1 (Args r1 (Empty ))))))
         )
(rewrite (Mk (@= (Args (Mk (@= (Args (Mk t1) (Args (Mk s1) (Empty ))))) (Args (Mk (@= (Args (Mk t1) (Args (Mk r1) (Empty ))))) (Empty ))))) (Mk (@and (Args (Mk (@not (Args (Mk (@= (Args (Mk t1) (Args (Mk s1) (Empty ))))) (Empty )))) (Args (Mk (@not (Args (Mk (@= (Args (Mk t1) (Args (Mk r1) (Empty ))))) (Empty )))) (Empty ))))) :when ((= (Mk (@= (Args (Mk s1) (Args (Mk r1) (Empty ))))) (Mk (Bool false)))))
(rewrite (Mk (@= (Args (Mk (@ite (Args (Mk C1) (Args (Mk t1) (Args (Mk s1) (Empty )))))) (Args (Mk r1) (Empty ))))) (Mk (@ite (Args (Mk C1) (Args (Mk (@= (Args (Mk t1) (Args (Mk r1) (Empty ))))) (Args (Mk (@= (Args (Mk s1) (Args (Mk r1) (Empty ))))) (Empty )))))))
(rewrite (Mk (@distinct (Args (Mk t1) (Args (Mk s1) (Empty ))))) (Mk (@not (Args (Mk (@= (Args (Mk t1) (Args (Mk s1) (Empty ))))) (Empty )))))
(rewrite (Mk (@bvult (Args (Mk t1) (Args (Mk s1) (Empty ))))) (Mk (@< (Args (Mk (@ubv_to_int (Args (Mk t1) (Empty )))) (Args (Mk (@ubv_to_int (Args (Mk s1) (Empty )))) (Empty ))))))
(rewrite (Mk (@bvule (Args (Mk t1) (Args (Mk s1) (Empty ))))) (Mk (@<= (Args (Mk (@ubv_to_int (Args (Mk t1) (Empty )))) (Args (Mk (@ubv_to_int (Args (Mk s1) (Empty )))) (Empty ))))))
(let goal_lhs (Mk (@- (Args (Mk (Real 7 1)) (Empty )))))
(let goal_rhs (Mk (Real -7 1)))
(Avaliable goal_lhs)
(Avaliable goal_rhs)
(union goal_lhs (Mk (@$get_arith_poly_norm (Args goal_lhs (Empty )))))
(union goal_rhs (Mk (@$get_arith_poly_norm (Args goal_rhs (Empty )))))
(run-schedule (saturate (run list-ruleset)))
(run-schedule (repeat 5 (run)))
(run-schedule (repeat 3 (run evaluation)))
(run-schedule (repeat 15 (run arith_poly)))
(check (= goal_lhs goal_rhs))
Elaboration succeeded
holey
(step t1299.t1 (cl (= (- 7.0) -7/1)) :rule hole :args ("TRUST_THEORY_REWRITE" (= (- 7.0) -7/1) 3 6))
